Archive member included to satisfy reference by file (symbol)

C:/Program Files/SEGGER/SEGGER Embedded Studio for ARM 5.40/lib/libc_v7em_fpv4_sp_d16_hard_t_le_eabi.a(libc_asm.o)
                              Output/Release/Obj/libuarte_pca10056/nrf_libuarte_async.o (__aeabi_uldivmod)
C:/Program Files/SEGGER/SEGGER Embedded Studio for ARM 5.40/lib/libc_v7em_fpv4_sp_d16_hard_t_le_eabi.a(libc2.o)
                              Output/Release/Obj/libuarte_pca10056/nrf_log_str_formatter.o (isprint)
C:/Program Files/SEGGER/SEGGER Embedded Studio for ARM 5.40/lib/libc_v7em_fpv4_sp_d16_hard_t_le_eabi.a(libc2_asm.o)
                              Output/Release/Obj/libuarte_pca10056/nrf_log_frontend.o (memcpy)
C:/Program Files/SEGGER/SEGGER Embedded Studio for ARM 5.40/lib/libc_v7em_fpv4_sp_d16_hard_t_le_eabi.a(libvfprintf.o)
                              (__vfprintf_long)
C:/Program Files/SEGGER/SEGGER Embedded Studio for ARM 5.40/lib/libc_v7em_fpv4_sp_d16_hard_t_le_eabi.a(libvfscanf.o)
                              (__vfscanf_long)
C:/Program Files/SEGGER/SEGGER Embedded Studio for ARM 5.40/lib/libc_v7em_fpv4_sp_d16_hard_t_le_eabi.a(libc.o)
                              C:/Program Files/SEGGER/SEGGER Embedded Studio for ARM 5.40/lib/libc_v7em_fpv4_sp_d16_hard_t_le_eabi.a(libc2.o) (__heap_lock)
C:/Program Files/SEGGER/SEGGER Embedded Studio for ARM 5.40/lib/libdebugio_v7em_fpv4_sp_d16_hard_t_le_eabi.a(libdebugio.o)
                              Output/Release/Obj/libuarte_pca10056/thumb_crt0.o (debug_fopen)
C:/Program Files/SEGGER/SEGGER Embedded Studio for ARM 5.40/lib/libdebugio_v7em_fpv4_sp_d16_hard_t_le_eabi.a(do_nv_debug_operation.o)
                              C:/Program Files/SEGGER/SEGGER Embedded Studio for ARM 5.40/lib/libdebugio_v7em_fpv4_sp_d16_hard_t_le_eabi.a(libdebugio.o) (__do_nvdebug_operation)
C:/Program Files/SEGGER/SEGGER Embedded Studio for ARM 5.40/lib/libdebugio_v7em_fpv4_sp_d16_hard_t_le_eabi.a(mempoll_debug_operations.o)
                              (__do_debug_operation_mempoll)
C:/Program Files/SEGGER/SEGGER Embedded Studio for ARM 5.40/lib/libm_v7em_fpv4_sp_d16_hard_t_le_eabi.a(libm_asm.o)
                              C:/Program Files/SEGGER/SEGGER Embedded Studio for ARM 5.40/lib/libc_v7em_fpv4_sp_d16_hard_t_le_eabi.a(libc2.o) (__aeabi_dadd)
C:/Program Files/SEGGER/SEGGER Embedded Studio for ARM 5.40/lib/libm_v7em_fpv4_sp_d16_hard_t_le_eabi.a(libm2.o)
                              C:/Program Files/SEGGER/SEGGER Embedded Studio for ARM 5.40/lib/libc_v7em_fpv4_sp_d16_hard_t_le_eabi.a(libvfprintf.o) (frexp)

Discarded input sections

 .text          0x0000000000000000        0x0 Output/Release/Obj/libuarte_pca10056/thumb_crt0.o
 .data          0x0000000000000000        0x0 Output/Release/Obj/libuarte_pca10056/thumb_crt0.o
 .bss           0x0000000000000000        0x0 Output/Release/Obj/libuarte_pca10056/thumb_crt0.o
 .text.__aeabi_read_tp
                0x0000000000000000        0x8 Output/Release/Obj/libuarte_pca10056/thumb_crt0.o
 .text.abort    0x0000000000000000        0x2 Output/Release/Obj/libuarte_pca10056/thumb_crt0.o
 .text.__assert
                0x0000000000000000        0x2 Output/Release/Obj/libuarte_pca10056/thumb_crt0.o
 .text.__assert_func
                0x0000000000000000        0x2 Output/Release/Obj/libuarte_pca10056/thumb_crt0.o
 .text.__aeabi_assert
                0x0000000000000000        0x2 Output/Release/Obj/libuarte_pca10056/thumb_crt0.o
 .text.__sync_synchronize
                0x0000000000000000        0x2 Output/Release/Obj/libuarte_pca10056/thumb_crt0.o
 .text.__getchar
                0x0000000000000000        0x4 Output/Release/Obj/libuarte_pca10056/thumb_crt0.o
 .text.__putchar
                0x0000000000000000        0x4 Output/Release/Obj/libuarte_pca10056/thumb_crt0.o
 .text.__open   0x0000000000000000        0x4 Output/Release/Obj/libuarte_pca10056/thumb_crt0.o
 .text.__close  0x0000000000000000        0x4 Output/Release/Obj/libuarte_pca10056/thumb_crt0.o
 .text.__write  0x0000000000000000        0xa Output/Release/Obj/libuarte_pca10056/thumb_crt0.o
 .text.__read   0x0000000000000000        0xa Output/Release/Obj/libuarte_pca10056/thumb_crt0.o
 .text.__seek   0x0000000000000000       0x1a Output/Release/Obj/libuarte_pca10056/thumb_crt0.o
 .text.remove   0x0000000000000000        0x4 Output/Release/Obj/libuarte_pca10056/thumb_crt0.o
 .text.rename   0x0000000000000000        0x4 Output/Release/Obj/libuarte_pca10056/thumb_crt0.o
 .bss.__user_locale_name_buffer
                0x0000000000000000        0x4 Output/Release/Obj/libuarte_pca10056/thumb_crt0.o
 .stack         0x0000000000000000        0x0 Output/Release/Obj/libuarte_pca10056/thumb_crt0.o
 .stack_process
                0x0000000000000000        0x0 Output/Release/Obj/libuarte_pca10056/thumb_crt0.o
 .heap          0x0000000000000000        0x0 Output/Release/Obj/libuarte_pca10056/thumb_crt0.o
[...]
Memory Configuration

Name             Origin             Length             Attributes
UNPLACED_SECTIONS 0x0000000100000000 0x0000000000000000 xw
RAM1             0x0000000020000000 0x0000000000040000 xw
FLASH            0x0000000000000000 0x0000000000100000 xw
*default*        0x0000000000000000 0xffffffffffffffff

Linker script and memory map

                0x0000000000000000                __do_debug_operation = __do_debug_operation_mempoll
                0x0000000000000000                __vfprintf = __vfprintf_long
                0x0000000000000000                __vfscanf = __vfscanf_long
                0x0000000020000000                __RAM1_segment_start__ = 0x20000000
                0x0000000020040000                __RAM1_segment_end__ = 0x20040000
                0x0000000000040000                __RAM1_segment_size__ = 0x40000
                0x0000000000000000                __FLASH_segment_start__ = 0x0
                0x0000000000100000                __FLASH_segment_end__ = 0x100000
                0x0000000000100000                __FLASH_segment_size__ = 0x100000
                0x0000000000002000                __HEAPSIZE__ = 0x2000
                0x0000000000000000                __STACKSIZE_PROCESS__ = 0x0
                0x0000000000002000                __STACKSIZE__ = 0x2000
                0x0000000020000000                __vectors_ram_load_start__ = 0x20000000

.vectors_ram    0x0000000020000000        0x0
                0x0000000020000000                __vectors_ram_start__ = .
                0x0000000020000000                __app_ram_start__ = __vectors_ram_start__
 *(.vectors_ram .vectors_ram.*)
                0x0000000020000000                __vectors_ram_end__ = (__vectors_ram_start__ + SIZEOF (.vectors_ram))
                0x0000000000000000                __vectors_ram_size__ = SIZEOF (.vectors_ram)
                0x0000000020000000                __vectors_ram_load_end__ = __vectors_ram_end__
                0x0000000000000001                . = ASSERT (((__vectors_ram_start__ == __vectors_ram_end__) || ((__vectors_ram_end__ - __RAM1_segment_start__) <= __RAM1_segment_size__)), error: .vectors_ram is too large to fit in RAM1 memory segment)
                0x0000000020000000                __nrf_sections_run_load_start__ = ALIGN (__vectors_ram_end__, 0x4)

.nrf_sections_run
                0x0000000020000000        0x0
                0x0000000020000000                __nrf_sections_run_start__ = .
                0x0000000020000000                __start_nrf_sections_run = __nrf_sections_run_start__
 *(.nrf_sections_run .nrf_sections_run.*)
                0x0000000020000000                __nrf_sections_run_end__ = (__nrf_sections_run_start__ + SIZEOF (.nrf_sections_run))
                0x0000000000000000                __nrf_sections_run_size__ = SIZEOF (.nrf_sections_run)
                0x0000000020000000                __nrf_sections_run_load_end__ = __nrf_sections_run_end__
                0x0000000000000001                . = ASSERT (((__nrf_sections_run_start__ == __nrf_sections_run_end__) || ((__nrf_sections_run_end__ - __RAM1_segment_start__) <= __RAM1_segment_size__)), error: .nrf_sections_run is too large to fit in RAM1 memory segment)
                0x0000000000000000                __vectors_load_start__ = 0x0

.vectors        0x0000000000000000      0x200
                0x0000000000000000                __vectors_start__ = .
 *(.vectors .vectors.*)
 .vectors       0x0000000000000000      0x200 Output/Release/Obj/libuarte_pca10056/ses_startup_nrf52840.o
                0x0000000000000000                _vectors
                0x0000000000000200                __vectors_end__ = (__vectors_start__ + SIZEOF (.vectors))
                0x0000000000000200                __vectors_size__ = SIZEOF (.vectors)
                0x0000000000000200                __vectors_load_end__ = __vectors_end__
                0x0000000000000001                . = ASSERT (((__vectors_start__ == __vectors_end__) || ((__vectors_end__ - __FLASH_segment_start__) <= __FLASH_segment_size__)), error: .vectors is too large to fit in FLASH memory segment)
                0x0000000000000200                __init_load_start__ = ALIGN (__vectors_end__, 0x4)

.init           0x0000000000000200      0x1d0
                0x0000000000000200                __init_start__ = .
 *(.init .init.*)
 .init          0x0000000000000200      0x15c Output/Release/Obj/libuarte_pca10056/thumb_crt0.o
                0x0000000000000200                _start
                0x00000000000002b4                exit
 .init          0x000000000000035c       0x18 Output/Release/Obj/libuarte_pca10056/ses_startup_nrf52840.o
                0x000000000000035c                NMI_Handler
                0x000000000000035e                HardFault_Handler
                0x0000000000000360                MemoryManagement_Handler
                0x0000000000000362                BusFault_Handler
                0x0000000000000364                UsageFault_Handler
                0x0000000000000366                SVC_Handler
                0x0000000000000368                DebugMon_Handler
                0x000000000000036a                PendSV_Handler
                0x000000000000036c                SysTick_Handler
                0x000000000000036e                PWM1_IRQHandler
                0x000000000000036e                SWI0_EGU0_IRQHandler
                0x000000000000036e                RADIO_IRQHandler
                0x000000000000036e                PDM_IRQHandler
                0x000000000000036e                TEMP_IRQHandler
                0x000000000000036e                GPIOTE_IRQHandler
                0x000000000000036e                TIMER3_IRQHandler
                0x000000000000036e                PWM3_IRQHandler
                0x000000000000036e                FPU_IRQHandler
                0x000000000000036e                USBD_IRQHandler
                0x000000000000036e                SPIM0_SPIS0_TWIM0_TWIS0_SPI0_TWI0_IRQHandler
                0x000000000000036e                SWI2_EGU2_IRQHandler
                0x000000000000036e                TIMER4_IRQHandler
                0x000000000000036e                QDEC_IRQHandler
                0x000000000000036e                I2S_IRQHandler
                0x000000000000036e                SWI4_EGU4_IRQHandler
                0x000000000000036e                UARTE1_IRQHandler
                0x000000000000036e                Dummy_Handler
                0x000000000000036e                TIMER1_IRQHandler
                0x000000000000036e                SPIM3_IRQHandler
                0x000000000000036e                PWM2_IRQHandler
                0x000000000000036e                ECB_IRQHandler
                0x000000000000036e                SPIM1_SPIS1_TWIM1_TWIS1_SPI1_TWI1_IRQHandler
                0x000000000000036e                SAADC_IRQHandler
                0x000000000000036e                CCM_AAR_IRQHandler
                0x000000000000036e                WDT_IRQHandler
                0x000000000000036e                QSPI_IRQHandler
                0x000000000000036e                SWI5_EGU5_IRQHandler
                0x000000000000036e                RNG_IRQHandler
                0x000000000000036e                RTC2_IRQHandler
                0x000000000000036e                PWM0_IRQHandler
                0x000000000000036e                SWI3_EGU3_IRQHandler
                0x000000000000036e                SWI1_EGU1_IRQHandler
                0x000000000000036e                SPIM2_SPIS2_SPI2_IRQHandler
                0x000000000000036e                NFCT_IRQHandler
                0x000000000000036e                CRYPTOCELL_IRQHandler
                0x000000000000036e                MWU_IRQHandler
                0x000000000000036e                TIMER2_IRQHandler
                0x000000000000036e                COMP_LPCOMP_IRQHandler
                0x0000000000000370                nRFInitialize
 .init          0x0000000000000374       0x5c Output/Release/Obj/libuarte_pca10056/ses_startup_nrf_common.o
                0x0000000000000374                Reset_Handler
                0x0000000000000378                afterInitialize
                0x000000000000039c                InitializeUserMemorySections
                0x00000000000003d0                __init_end__ = (__init_start__ + SIZEOF (.init))
                0x00000000000001d0                __init_size__ = SIZEOF (.init)
                0x00000000000003d0                __init_load_end__ = __init_end__
                0x0000000000000001                . = ASSERT (((__init_start__ == __init_end__) || ((__init_end__ - __FLASH_segment_start__) <= __FLASH_segment_size__)), error: .init is too large to fit in FLASH memory segment)
                0x00000000000003d0                __init_rodata_load_start__ = ALIGN (__init_end__, 0x4)

.init_rodata    0x00000000000003d0        0x0
                0x00000000000003d0                __init_rodata_start__ = .
 *(.init_rodata .init_rodata.*)
                0x00000000000003d0                __init_rodata_end__ = (__init_rodata_start__ + SIZEOF (.init_rodata))
                0x0000000000000000                __init_rodata_size__ = SIZEOF (.init_rodata)
                0x00000000000003d0                __init_rodata_load_end__ = __init_rodata_end__
                0x0000000000000001                . = ASSERT (((__init_rodata_start__ == __init_rodata_end__) || ((__init_rodata_end__ - __FLASH_segment_start__) <= __FLASH_segment_size__)), error: .init_rodata is too large to fit in FLASH memory segment)
                0x00000000000003d0                __text_load_start__ = ALIGN (__init_rodata_end__, 0x4)

.text           0x00000000000003d0     0x2cce
                0x00000000000003d0                __text_start__ = .
 *(.text .text.* .glue_7t .glue_7 .gnu.linkonce.t.* .gcc_except_table .ARM.extab* .gnu.linkonce.armextab.*)
 .glue_7        0x00000000000003d0        0x0 linker stubs
 .glue_7t       0x00000000000003d0        0x0 linker stubs
 .text.nrf_log_backend_rtt_flush
                0x00000000000003d0        0x2 Output/Release/Obj/libuarte_pca10056/nrf_log_backend_rtt.o
 *fill*         0x00000000000003d2        0x2 
 .text.nrf_log_backend_rtt_put
                0x00000000000003d4       0x1c Output/Release/Obj/libuarte_pca10056/nrf_log_backend_rtt.o
 .text.serial_tx
                0x00000000000003f0       0x50 Output/Release/Obj/libuarte_pca10056/nrf_log_backend_rtt.o
 .text.nrf_log_backend_rtt_panic_set
                0x0000000000000440        0x2 Output/Release/Obj/libuarte_pca10056/nrf_log_backend_rtt.o
 .text.nrf_log_backend_rtt_init
                0x0000000000000442        0x4 Output/Release/Obj/libuarte_pca10056/nrf_log_backend_rtt.o
                0x0000000000000442                nrf_log_backend_rtt_init
 .text.nrf_log_backend_serial_put
                0x0000000000000446       0xc2 Output/Release/Obj/libuarte_pca10056/nrf_log_backend_serial.o
                0x0000000000000446                nrf_log_backend_serial_put
 .text.nrf_log_default_backends_init
                0x0000000000000508       0x20 Output/Release/Obj/libuarte_pca10056/nrf_log_default_backends.o
                0x0000000000000508                nrf_log_default_backends_init
 .text.invalid_packets_omit
                0x0000000000000528       0x3a Output/Release/Obj/libuarte_pca10056/nrf_log_frontend.o
 *fill*         0x0000000000000562        0x2 
 .text.buf_prealloc
                0x0000000000000564      0x11c Output/Release/Obj/libuarte_pca10056/nrf_log_frontend.o
 .text.nrf_log_init
                0x0000000000000680       0x28 Output/Release/Obj/libuarte_pca10056/nrf_log_frontend.o
                0x0000000000000680                nrf_log_init
 .text.nrf_log_module_name_get
                0x00000000000006a8       0x38 Output/Release/Obj/libuarte_pca10056/nrf_log_frontend.o
                0x00000000000006a8                nrf_log_module_name_get
 .text.nrf_log_color_id_get
                0x00000000000006e0       0x2c Output/Release/Obj/libuarte_pca10056/nrf_log_frontend.o
                0x00000000000006e0                nrf_log_color_id_get
 .text.buffer_is_empty
                0x000000000000070c       0x14 Output/Release/Obj/libuarte_pca10056/nrf_log_frontend.o
                0x000000000000070c                buffer_is_empty
 .text.nrf_log_frontend_dequeue
                0x0000000000000720      0x200 Output/Release/Obj/libuarte_pca10056/nrf_log_frontend.o
                0x0000000000000720                nrf_log_frontend_dequeue
 .text.std_n    0x0000000000000920       0x8c Output/Release/Obj/libuarte_pca10056/nrf_log_frontend.o
 .text.nrf_log_frontend_std_0
                0x00000000000009ac        0x8 Output/Release/Obj/libuarte_pca10056/nrf_log_frontend.o
                0x00000000000009ac                nrf_log_frontend_std_0
 .text.nrf_log_backend_add
                0x00000000000009b4       0x44 Output/Release/Obj/libuarte_pca10056/nrf_log_frontend.o
                0x00000000000009b4                nrf_log_backend_add
 .text.nrf_log_panic
                0x00000000000009f8       0x28 Output/Release/Obj/libuarte_pca10056/nrf_log_frontend.o
                0x00000000000009f8                nrf_log_panic
 .text.prefix_process
                0x0000000000000a20       0x7c Output/Release/Obj/libuarte_pca10056/nrf_log_str_formatter.o
 .text.postfix_process
                0x0000000000000a9c       0x44 Output/Release/Obj/libuarte_pca10056/nrf_log_str_formatter.o
 .text.nrf_log_std_entry_process
                0x0000000000000ae0       0xc8 Output/Release/Obj/libuarte_pca10056/nrf_log_str_formatter.o
                0x0000000000000ae0                nrf_log_std_entry_process
 .text.nrf_log_hexdump_entry_process
                0x0000000000000ba8       0xb8 Output/Release/Obj/libuarte_pca10056/nrf_log_str_formatter.o
                0x0000000000000ba8                nrf_log_hexdump_entry_process
 .text.bsp_board_led_off
                0x0000000000000c60       0x28 Output/Release/Obj/libuarte_pca10056/boards.o
                0x0000000000000c60                bsp_board_led_off
 .text.bsp_board_leds_off
                0x0000000000000c88       0x1e Output/Release/Obj/libuarte_pca10056/boards.o
                0x0000000000000c88                bsp_board_leds_off
 *fill*         0x0000000000000ca6        0x2 
 .text.bsp_board_led_invert
                0x0000000000000ca8       0x34 Output/Release/Obj/libuarte_pca10056/boards.o
                0x0000000000000ca8                bsp_board_led_invert
 .text.bsp_board_init
                0x0000000000000cdc       0x3e Output/Release/Obj/libuarte_pca10056/boards.o
                0x0000000000000cdc                bsp_board_init
 .text.app_error_handler_bare
                0x0000000000000d1a       0x1a Output/Release/Obj/libuarte_pca10056/app_error.o
                0x0000000000000d1a                app_error_handler_bare
 .text.app_error_fault_handler
                0x0000000000000d34       0x6c Output/Release/Obj/libuarte_pca10056/app_error_weak.o
                0x0000000000000d34                app_error_fault_handler
 .text.get_now  0x0000000000000da0       0x38 Output/Release/Obj/libuarte_pca10056/app_timer2.o
 .text.timer_req_schedule
                0x0000000000000dd8       0x38 Output/Release/Obj/libuarte_pca10056/app_timer2.o
 .text.app_timer_create
                0x0000000000000e10       0x16 Output/Release/Obj/libuarte_pca10056/app_timer2.o
                0x0000000000000e10                app_timer_create
 .text.app_timer_start
                0x0000000000000e26       0x30 Output/Release/Obj/libuarte_pca10056/app_timer2.o
                0x0000000000000e26                app_timer_start
 .text.app_timer_cnt_diff_compute
                0x0000000000000e56        0x8 Output/Release/Obj/libuarte_pca10056/app_timer2.o
                0x0000000000000e56                app_timer_cnt_diff_compute
 *fill*         0x0000000000000e5e        0x2 
 .text.app_timer_cnt_get
                0x0000000000000e60        0xc Output/Release/Obj/libuarte_pca10056/app_timer2.o
                0x0000000000000e60                app_timer_cnt_get
 .text.app_util_disable_irq
                0x0000000000000e6c       0x10 Output/Release/Obj/libuarte_pca10056/app_util_platform.o
                0x0000000000000e6c                app_util_disable_irq
 .text.app_util_enable_irq
                0x0000000000000e7c       0x14 Output/Release/Obj/libuarte_pca10056/app_util_platform.o
                0x0000000000000e7c                app_util_enable_irq
 .text.app_util_critical_region_enter
                0x0000000000000e90        0x4 Output/Release/Obj/libuarte_pca10056/app_util_platform.o
                0x0000000000000e90                app_util_critical_region_enter
 .text.app_util_critical_region_exit
                0x0000000000000e94        0x4 Output/Release/Obj/libuarte_pca10056/app_util_platform.o
                0x0000000000000e94                app_util_critical_region_exit
 .text.drv_rtc_counter_get
                0x0000000000000e98        0x8 Output/Release/Obj/libuarte_pca10056/drv_rtc.o
                0x0000000000000e98                drv_rtc_counter_get
 .text.drv_rtc_irq_trigger
                0x0000000000000ea0       0x24 Output/Release/Obj/libuarte_pca10056/drv_rtc.o
                0x0000000000000ea0                drv_rtc_irq_trigger
 .text.RTC1_IRQHandler
                0x0000000000000ec4       0x14 Output/Release/Obj/libuarte_pca10056/drv_rtc.o
                0x0000000000000ec4                RTC1_IRQHandler
 .text.nrf_atfifo_item_alloc
                0x0000000000000ed8       0x54 Output/Release/Obj/libuarte_pca10056/nrf_atfifo.o
                0x0000000000000ed8                nrf_atfifo_item_alloc
 .text.nrf_atfifo_item_put
                0x0000000000000f2c       0x20 Output/Release/Obj/libuarte_pca10056/nrf_atfifo.o
                0x0000000000000f2c                nrf_atfifo_item_put
 .text.nrf_atomic_u32_fetch_store
                0x0000000000000f4c       0x16 Output/Release/Obj/libuarte_pca10056/nrf_atomic.o
                0x0000000000000f4c                nrf_atomic_u32_fetch_store
 .text.nrf_atomic_u32_or
                0x0000000000000f62       0x18 Output/Release/Obj/libuarte_pca10056/nrf_atomic.o
                0x0000000000000f62                nrf_atomic_u32_or
 .text.nrf_atomic_u32_fetch_and
                0x0000000000000f7a       0x18 Output/Release/Obj/libuarte_pca10056/nrf_atomic.o
                0x0000000000000f7a                nrf_atomic_u32_fetch_and
 .text.nrf_atomic_u32_add
                0x0000000000000f92       0x18 Output/Release/Obj/libuarte_pca10056/nrf_atomic.o
                0x0000000000000f92                nrf_atomic_u32_add
 .text.nrf_atomic_u32_sub
                0x0000000000000faa       0x18 Output/Release/Obj/libuarte_pca10056/nrf_atomic.o
                0x0000000000000faa                nrf_atomic_u32_sub
 .text.nrf_atomic_flag_set
                0x0000000000000fc2        0x6 Output/Release/Obj/libuarte_pca10056/nrf_atomic.o
                0x0000000000000fc2                nrf_atomic_flag_set
 .text.nrf_atomic_flag_clear_fetch
                0x0000000000000fc8        0x6 Output/Release/Obj/libuarte_pca10056/nrf_atomic.o
                0x0000000000000fc8                nrf_atomic_flag_clear_fetch
 .text.nrf_balloc_init
                0x0000000000000fce       0x2e Output/Release/Obj/libuarte_pca10056/nrf_balloc.o
                0x0000000000000fce                nrf_balloc_init
 .text.nrf_balloc_alloc
                0x0000000000000ffc       0x40 Output/Release/Obj/libuarte_pca10056/nrf_balloc.o
                0x0000000000000ffc                nrf_balloc_alloc
 .text.nrf_balloc_free
                0x000000000000103c       0x2a Output/Release/Obj/libuarte_pca10056/nrf_balloc.o
                0x000000000000103c                nrf_balloc_free
 .text.nrf_fprintf_buffer_flush
                0x0000000000001066       0x16 Output/Release/Obj/libuarte_pca10056/nrf_fprintf.o
                0x0000000000001066                nrf_fprintf_buffer_flush
 .text.nrf_fprintf
                0x000000000000107c       0x1c Output/Release/Obj/libuarte_pca10056/nrf_fprintf.o
                0x000000000000107c                nrf_fprintf
 .text.buffer_add
                0x0000000000001098       0x2e Output/Release/Obj/libuarte_pca10056/nrf_fprintf_format.o
 *fill*         0x00000000000010c6        0x2 
 .text.unsigned_print
                0x00000000000010c8       0xb4 Output/Release/Obj/libuarte_pca10056/nrf_fprintf_format.o
 .text.nrf_fprintf_fmt
                0x000000000000117c      0x294 Output/Release/Obj/libuarte_pca10056/nrf_fprintf_format.o
                0x000000000000117c                nrf_fprintf_fmt
 .text.rx_buffer_schedule
                0x0000000000001410       0x36 Output/Release/Obj/libuarte_pca10056/nrf_libuarte_async.o
 .text.uart_evt_handler
                0x0000000000001446       0xc8 Output/Release/Obj/libuarte_pca10056/nrf_libuarte_async.o
 *fill*         0x000000000000150e        0x2 
 .text.nrf_libuarte_async_timeout_handler
                0x0000000000001510       0x84 Output/Release/Obj/libuarte_pca10056/nrf_libuarte_async.o
                0x0000000000001510                nrf_libuarte_async_timeout_handler
 .text.app_timer_handler
                0x0000000000001594       0x8c Output/Release/Obj/libuarte_pca10056/nrf_libuarte_async.o
 .text.tmr_evt_handler
                0x0000000000001620        0x6 Output/Release/Obj/libuarte_pca10056/nrf_libuarte_async.o
 *fill*         0x0000000000001626        0x2 
 .text.nrf_libuarte_async_init
                0x0000000000001628      0x1f4 Output/Release/Obj/libuarte_pca10056/nrf_libuarte_async.o
                0x0000000000001628                nrf_libuarte_async_init
 .text.nrf_libuarte_async_enable
                0x000000000000181c       0x9c Output/Release/Obj/libuarte_pca10056/nrf_libuarte_async.o
                0x000000000000181c                nrf_libuarte_async_enable
 .text.nrf_libuarte_async_tx
                0x00000000000018b8        0x6 Output/Release/Obj/libuarte_pca10056/nrf_libuarte_async.o
                0x00000000000018b8                nrf_libuarte_async_tx
 .text.nrf_libuarte_async_rx_free
                0x00000000000018be       0x54 Output/Release/Obj/libuarte_pca10056/nrf_libuarte_async.o
                0x00000000000018be                nrf_libuarte_async_rx_free
 .text.nrf_uarte_event_clear
                0x0000000000001912       0x10 Output/Release/Obj/libuarte_pca10056/nrf_libuarte_drv.o
 .text.tmr_evt_handler
                0x0000000000001922        0x2 Output/Release/Obj/libuarte_pca10056/nrf_libuarte_drv.o
                0x0000000000001922                tmr_evt_handler
 .text.ppi_free
                0x0000000000001924       0x44 Output/Release/Obj/libuarte_pca10056/nrf_libuarte_drv.o
 .text.ppi_channel_configure
                0x0000000000001968       0x36 Output/Release/Obj/libuarte_pca10056/nrf_libuarte_drv.o
 *fill*         0x000000000000199e        0x2 
 .text.nrf_libuarte_drv_init
                0x00000000000019a0      0x290 Output/Release/Obj/libuarte_pca10056/nrf_libuarte_drv.o
                0x00000000000019a0                nrf_libuarte_drv_init
 .text.nrf_libuarte_drv_tx
                0x0000000000001c30       0x94 Output/Release/Obj/libuarte_pca10056/nrf_libuarte_drv.o
                0x0000000000001c30                nrf_libuarte_drv_tx
 .text.nrf_libuarte_drv_rx_start
                0x0000000000001cc4       0x6a Output/Release/Obj/libuarte_pca10056/nrf_libuarte_drv.o
                0x0000000000001cc4                nrf_libuarte_drv_rx_start
 .text.nrf_libuarte_drv_rx_buf_rsp
                0x0000000000001d2e       0x1a Output/Release/Obj/libuarte_pca10056/nrf_libuarte_drv.o
                0x0000000000001d2e                nrf_libuarte_drv_rx_buf_rsp
 .text.UARTE0_UART0_IRQHandler
                0x0000000000001d48      0x1ac Output/Release/Obj/libuarte_pca10056/nrf_libuarte_drv.o
                0x0000000000001d48                UARTE0_UART0_IRQHandler
 .text.memobj_op
                0x0000000000001ef4       0x86 Output/Release/Obj/libuarte_pca10056/nrf_memobj.o
 .text.nrf_memobj_pool_init
                0x0000000000001f7a        0x4 Output/Release/Obj/libuarte_pca10056/nrf_memobj.o
                0x0000000000001f7a                nrf_memobj_pool_init
 .text.nrf_memobj_free
                0x0000000000001f7e       0x2c Output/Release/Obj/libuarte_pca10056/nrf_memobj.o
                0x0000000000001f7e                nrf_memobj_free
 .text.nrf_memobj_alloc
                0x0000000000001faa       0x5e Output/Release/Obj/libuarte_pca10056/nrf_memobj.o
                0x0000000000001faa                nrf_memobj_alloc
 .text.nrf_memobj_get
                0x0000000000002008        0x8 Output/Release/Obj/libuarte_pca10056/nrf_memobj.o
                0x0000000000002008                nrf_memobj_get
 .text.nrf_memobj_put
                0x0000000000002010       0x1c Output/Release/Obj/libuarte_pca10056/nrf_memobj.o
                0x0000000000002010                nrf_memobj_put
 .text.nrf_memobj_write
                0x000000000000202c       0x14 Output/Release/Obj/libuarte_pca10056/nrf_memobj.o
                0x000000000000202c                nrf_memobj_write
 .text.nrf_memobj_read
                0x0000000000002040       0x14 Output/Release/Obj/libuarte_pca10056/nrf_memobj.o
                0x0000000000002040                nrf_memobj_read
 .text.queue_utilization_get
                0x0000000000002054       0x18 Output/Release/Obj/libuarte_pca10056/nrf_queue.o
 .text.nrf_queue_is_full
                0x000000000000206c       0x18 Output/Release/Obj/libuarte_pca10056/nrf_queue.o
                0x000000000000206c                nrf_queue_is_full
 .text.nrf_queue_push
                0x0000000000002084       0x9e Output/Release/Obj/libuarte_pca10056/nrf_queue.o
                0x0000000000002084                nrf_queue_push
 .text.nrf_queue_reset
                0x0000000000002122       0x1e Output/Release/Obj/libuarte_pca10056/nrf_queue.o
                0x0000000000002122                nrf_queue_reset
 .text.nrf_queue_is_empty
                0x0000000000002140        0xe Output/Release/Obj/libuarte_pca10056/nrf_queue.o
                0x0000000000002140                nrf_queue_is_empty
 .text.nrf_queue_generic_pop
                0x000000000000214e       0x7e Output/Release/Obj/libuarte_pca10056/nrf_queue.o
                0x000000000000214e                nrf_queue_generic_pop
 .text.nrf_ringbuf_init
                0x00000000000021cc       0x12 Output/Release/Obj/libuarte_pca10056/nrf_ringbuf.o
                0x00000000000021cc                nrf_ringbuf_init
 *fill*         0x00000000000021de        0x2 
 .text.clock_clk_started_notify
                0x00000000000021e0       0x24 Output/Release/Obj/libuarte_pca10056/nrf_drv_clock.o
 .text.clock_irq_handler
                0x0000000000002204       0x1c Output/Release/Obj/libuarte_pca10056/nrf_drv_clock.o
 .text.nrf_drv_clock_init
                0x0000000000002220       0x40 Output/Release/Obj/libuarte_pca10056/nrf_drv_clock.o
                0x0000000000002220                nrf_drv_clock_init
 .text.nrf_drv_clock_lfclk_request
                0x0000000000002260       0x54 Output/Release/Obj/libuarte_pca10056/nrf_drv_clock.o
                0x0000000000002260                nrf_drv_clock_lfclk_request
 .text.nrf_clock_event_clear
                0x00000000000022b4       0x14 Output/Release/Obj/libuarte_pca10056/nrfx_clock.o
 .text.nrfx_clock_init
                0x00000000000022c8       0x18 Output/Release/Obj/libuarte_pca10056/nrfx_clock.o
                0x00000000000022c8                nrfx_clock_init
 .text.nrfx_clock_enable
                0x00000000000022e0       0x24 Output/Release/Obj/libuarte_pca10056/nrfx_clock.o
                0x00000000000022e0                nrfx_clock_enable
 .text.nrfx_clock_lfclk_start
                0x0000000000002304       0x1a Output/Release/Obj/libuarte_pca10056/nrfx_clock.o
                0x0000000000002304                nrfx_clock_lfclk_start
 *fill*         0x000000000000231e        0x2 
 .text.POWER_CLOCK_IRQHandler
                0x0000000000002320       0x50 Output/Release/Obj/libuarte_pca10056/nrfx_clock.o
                0x0000000000002320                POWER_CLOCK_IRQHandler
 .text.nrfx_ppi_channel_alloc
                0x0000000000002370       0x5c Output/Release/Obj/libuarte_pca10056/nrfx_ppi.o
                0x0000000000002370                nrfx_ppi_channel_alloc
 .text.nrfx_ppi_channel_free
                0x00000000000023cc       0x3c Output/Release/Obj/libuarte_pca10056/nrfx_ppi.o
                0x00000000000023cc                nrfx_ppi_channel_free
 .text.nrfx_ppi_channel_assign
                0x0000000000002408       0x40 Output/Release/Obj/libuarte_pca10056/nrfx_ppi.o
                0x0000000000002408                nrfx_ppi_channel_assign
 .text.nrfx_ppi_channel_fork_assign
                0x0000000000002448       0x28 Output/Release/Obj/libuarte_pca10056/nrfx_ppi.o
                0x0000000000002448                nrfx_ppi_channel_fork_assign
 .text.nrfx_ppi_channel_enable
                0x0000000000002470       0x2c Output/Release/Obj/libuarte_pca10056/nrfx_ppi.o
                0x0000000000002470                nrfx_ppi_channel_enable
 .text.nrfx_ppi_channel_disable
                0x000000000000249c       0x2c Output/Release/Obj/libuarte_pca10056/nrfx_ppi.o
                0x000000000000249c                nrfx_ppi_channel_disable
 .text.nrfx_ppi_group_alloc
                0x00000000000024c8       0x58 Output/Release/Obj/libuarte_pca10056/nrfx_ppi.o
                0x00000000000024c8                nrfx_ppi_group_alloc
 .text.nrfx_ppi_group_free
                0x0000000000002520       0x48 Output/Release/Obj/libuarte_pca10056/nrfx_ppi.o
                0x0000000000002520                nrfx_ppi_group_free
 .text.nrfx_ppi_group_enable
                0x0000000000002568       0x2c Output/Release/Obj/libuarte_pca10056/nrfx_ppi.o
                0x0000000000002568                nrfx_ppi_group_enable
 .text.nrfx_ppi_channels_include_in_group
                0x0000000000002594       0x48 Output/Release/Obj/libuarte_pca10056/nrfx_ppi.o
                0x0000000000002594                nrfx_ppi_channels_include_in_group
 .text.nrf_rtc_event_clear
                0x00000000000025dc       0x10 Output/Release/Obj/libuarte_pca10056/nrfx_rtc.o
 .text.nrfx_rtc_init
                0x00000000000025ec       0x7c Output/Release/Obj/libuarte_pca10056/nrfx_rtc.o
                0x00000000000025ec                nrfx_rtc_init
 .text.nrfx_rtc_cc_set
                0x0000000000002668       0x84 Output/Release/Obj/libuarte_pca10056/nrfx_rtc.o
                0x0000000000002668                nrfx_rtc_cc_set
 .text.RTC0_IRQHandler
                0x00000000000026ec       0x9c Output/Release/Obj/libuarte_pca10056/nrfx_rtc.o
                0x00000000000026ec                RTC0_IRQHandler
 .text.nrfx_timer_init
                0x0000000000002788       0xd0 Output/Release/Obj/libuarte_pca10056/nrfx_timer.o
                0x0000000000002788                nrfx_timer_init
 .text.nrfx_timer_enable
                0x0000000000002858       0x1c Output/Release/Obj/libuarte_pca10056/nrfx_timer.o
                0x0000000000002858                nrfx_timer_enable
 .text.nrfx_timer_clear
                0x0000000000002874        0x8 Output/Release/Obj/libuarte_pca10056/nrfx_timer.o
                0x0000000000002874                nrfx_timer_clear
 .text.nrfx_timer_compare
                0x000000000000287c       0x32 Output/Release/Obj/libuarte_pca10056/nrfx_timer.o
                0x000000000000287c                nrfx_timer_compare
 *fill*         0x00000000000028ae        0x2 
 .text.TIMER0_IRQHandler
                0x00000000000028b0       0x54 Output/Release/Obj/libuarte_pca10056/nrfx_timer.o
                0x00000000000028b0                TIMER0_IRQHandler
 .text.uart_event_handler
                0x0000000000002904       0x94 Output/Release/Obj/libuarte_pca10056/main.o
                0x0000000000002904                uart_event_handler
 .text.libuarte_rtc_handler
                0x0000000000002998       0x28 Output/Release/Obj/libuarte_pca10056/main.o
 .text.startup.main
                0x00000000000029c0       0x8c Output/Release/Obj/libuarte_pca10056/main.o
                0x00000000000029c0                main
 .text._GetAvailWriteSpace
                0x0000000000002a4c       0x12 Output/Release/Obj/libuarte_pca10056/SEGGER_RTT.o
 .text._WriteNoCheck
                0x0000000000002a5e       0x38 Output/Release/Obj/libuarte_pca10056/SEGGER_RTT.o
 .text._WriteBlocking
                0x0000000000002a96       0x52 Output/Release/Obj/libuarte_pca10056/SEGGER_RTT.o
 .text._DoInit  0x0000000000002ae8       0x60 Output/Release/Obj/libuarte_pca10056/SEGGER_RTT.o
 .text.SEGGER_RTT_WriteNoLock
                0x0000000000002b48       0x60 Output/Release/Obj/libuarte_pca10056/SEGGER_RTT.o
                0x0000000000002b48                SEGGER_RTT_WriteNoLock
 .text.SEGGER_RTT_Init
                0x0000000000002ba8        0x4 Output/Release/Obj/libuarte_pca10056/SEGGER_RTT.o
                0x0000000000002ba8                SEGGER_RTT_Init
 .text.nrf52_errata_36
                0x0000000000002bac       0x12 Output/Release/Obj/libuarte_pca10056/system_nrf52840.o
 *fill*         0x0000000000002bbe        0x2 
 .text.nrf52_errata_98
                0x0000000000002bc0       0x24 Output/Release/Obj/libuarte_pca10056/system_nrf52840.o
 .text.SystemInit
                0x0000000000002be4      0x1d4 Output/Release/Obj/libuarte_pca10056/system_nrf52840.o
                0x0000000000002be4                SystemInit
 .text.libc.__int64_udivmod
                0x0000000000002db8       0xce C:/Program Files/SEGGER/SEGGER Embedded Studio for ARM 5.40/lib/libc_v7em_fpv4_sp_d16_hard_t_le_eabi.a(libc_asm.o)
                0x0000000000002db8                __aeabi_uldivmod
                0x0000000000002db8                __int64_udiv
                0x0000000000002db8                __udivdi3
                0x0000000000002db8                __int64_udivmod
 *fill*         0x0000000000002e86        0x2 
 .text.libc.__RAL_ascii_isctype
                0x0000000000002e88       0x1c C:/Program Files/SEGGER/SEGGER Embedded Studio for ARM 5.40/lib/libc_v7em_fpv4_sp_d16_hard_t_le_eabi.a(libc2.o)
 .text.libc.__RAL_ascii_toupper
                0x0000000000002ea4        0xc C:/Program Files/SEGGER/SEGGER Embedded Studio for ARM 5.40/lib/libc_v7em_fpv4_sp_d16_hard_t_le_eabi.a(libc2.o)
 .text.libc.__RAL_ascii_tolower
                0x0000000000002eb0        0xc C:/Program Files/SEGGER/SEGGER Embedded Studio for ARM 5.40/lib/libc_v7em_fpv4_sp_d16_hard_t_le_eabi.a(libc2.o)
 .text.libc.__RAL_ascii_iswctype
                0x0000000000002ebc       0x1c C:/Program Files/SEGGER/SEGGER Embedded Studio for ARM 5.40/lib/libc_v7em_fpv4_sp_d16_hard_t_le_eabi.a(libc2.o)
 .text.libc.__RAL_ascii_towupper
                0x0000000000002ed8        0xc C:/Program Files/SEGGER/SEGGER Embedded Studio for ARM 5.40/lib/libc_v7em_fpv4_sp_d16_hard_t_le_eabi.a(libc2.o)
 .text.libc.__RAL_ascii_towlower
                0x0000000000002ee4        0xc C:/Program Files/SEGGER/SEGGER Embedded Studio for ARM 5.40/lib/libc_v7em_fpv4_sp_d16_hard_t_le_eabi.a(libc2.o)
 .text.libc.__RAL_ascii_wctomb
                0x0000000000002ef0        0xe C:/Program Files/SEGGER/SEGGER Embedded Studio for ARM 5.40/lib/libc_v7em_fpv4_sp_d16_hard_t_le_eabi.a(libc2.o)
                0x0000000000002ef0                __RAL_ascii_wctomb
 .text.libc.__RAL_ascii_mbtowc
                0x0000000000002efe       0x24 C:/Program Files/SEGGER/SEGGER Embedded Studio for ARM 5.40/lib/libc_v7em_fpv4_sp_d16_hard_t_le_eabi.a(libc2.o)
                0x0000000000002efe                __RAL_ascii_mbtowc
 *fill*         0x0000000000002f22        0x2 
 .text.libc.__RAL_isctype
                0x0000000000002f24       0x14 C:/Program Files/SEGGER/SEGGER Embedded Studio for ARM 5.40/lib/libc_v7em_fpv4_sp_d16_hard_t_le_eabi.a(libc2.o)
                0x0000000000002f24                __RAL_isctype
 .text.libc.isprint
                0x0000000000002f38        0xa C:/Program Files/SEGGER/SEGGER Embedded Studio for ARM 5.40/lib/libc_v7em_fpv4_sp_d16_hard_t_le_eabi.a(libc2.o)
                0x0000000000002f38                isprint
 .text.libc.memcpy
                0x0000000000002f42       0x52 C:/Program Files/SEGGER/SEGGER Embedded Studio for ARM 5.40/lib/libc_v7em_fpv4_sp_d16_hard_t_le_eabi.a(libc2_asm.o)
                0x0000000000002f42                __aeabi_memcpy
                0x0000000000002f42                memcpy
                0x0000000000002f4e                __aeabi_memcpy8
                0x0000000000002f4e                __aeabi_memcpy4
 .text.libc.memset
                0x0000000000002f94       0x66 C:/Program Files/SEGGER/SEGGER Embedded Studio for ARM 5.40/lib/libc_v7em_fpv4_sp_d16_hard_t_le_eabi.a(libc2_asm.o)
                0x0000000000002f94                memset
 .text.libc.strcpy
                0x0000000000002ffa       0x44 C:/Program Files/SEGGER/SEGGER Embedded Studio for ARM 5.40/lib/libc_v7em_fpv4_sp_d16_hard_t_le_eabi.a(libc2_asm.o)
                0x0000000000002ffa                strcpy
 .text.libc.strlen
                0x000000000000303e       0x60 C:/Program Files/SEGGER/SEGGER Embedded Studio for ARM 5.40/lib/libc_v7em_fpv4_sp_d16_hard_t_le_eabi.a(libc2_asm.o)
                0x000000000000303e                strlen
                0x000000000000309e                __text_end__ = (__text_start__ + SIZEOF (.text))
                0x0000000000002cce                __text_size__ = SIZEOF (.text)
                0x000000000000309e                __text_load_end__ = __text_end__

.vfp11_veneer   0x0000000100000000        0x0
 .vfp11_veneer  0x0000000100000000        0x0 linker stubs

.v4_bx          0x0000000100000000        0x0
 .v4_bx         0x0000000100000000        0x0 linker stubs

.iplt           0x0000000100000000        0x0
 .iplt          0x0000000100000000        0x0 Output/Release/Obj/libuarte_pca10056/thumb_crt0.o
                0x0000000000000001                . = ASSERT (((__text_start__ == __text_end__) || ((__text_end__ - __FLASH_segment_start__) <= __FLASH_segment_size__)), error: .text is too large to fit in FLASH memory segment)
                0x00000000000030a0                __nrf_queue_load_start__ = ALIGN (__text_end__, 0x4)

.nrf_queue      0x00000000000030a0       0x28
                0x00000000000030a0                __nrf_queue_start__ = .
                0x00000000000030a0                __start_nrf_queue = __nrf_queue_start__
 *(.nrf_queue*)
 .nrf_queue     0x00000000000030a0       0x28 Output/Release/Obj/libuarte_pca10056/main.o
                0x00000000000030a0                m_buf_queue
                0x00000000000030b4                libuarte_rxdata_queue
                0x00000000000030c8                __nrf_queue_end__ = (__nrf_queue_start__ + SIZEOF (.nrf_queue))
                0x0000000000000028                __nrf_queue_size__ = SIZEOF (.nrf_queue)
                0x00000000000030c8                __stop_nrf_queue = __nrf_queue_end__
                0x00000000000030c8                __nrf_queue_load_end__ = __nrf_queue_end__
                0x0000000000000001                . = ASSERT (((__nrf_queue_start__ == __nrf_queue_end__) || ((__nrf_queue_end__ - __FLASH_segment_start__) <= __FLASH_segment_size__)), error: .nrf_queue is too large to fit in FLASH memory segment)
                0x00000000000030c8                __log_const_data_load_start__ = ALIGN (__nrf_queue_end__, 0x4)

.log_const_data
                0x00000000000030c8       0x50
                0x00000000000030c8                __log_const_data_start__ = .
                0x00000000000030c8                __start_log_const_data = __log_const_data_start__
 *(SORT_BY_NAME(.log_const_data*))
 .log_const_data_CLOCK
                0x00000000000030c8        0x8 Output/Release/Obj/libuarte_pca10056/nrfx_clock.o
                0x00000000000030c8                m_nrf_log_CLOCK_logs_data_const
 .log_const_data_PPI
                0x00000000000030d0        0x8 Output/Release/Obj/libuarte_pca10056/nrfx_ppi.o
                0x00000000000030d0                m_nrf_log_PPI_logs_data_const
 .log_const_data_RTC
                0x00000000000030d8        0x8 Output/Release/Obj/libuarte_pca10056/nrfx_rtc.o
                0x00000000000030d8                m_nrf_log_RTC_logs_data_const
 .log_const_data_TIMER
                0x00000000000030e0        0x8 Output/Release/Obj/libuarte_pca10056/nrfx_timer.o
                0x00000000000030e0                m_nrf_log_TIMER_logs_data_const
 .log_const_data_app
                0x00000000000030e8        0x8 Output/Release/Obj/libuarte_pca10056/nrf_log_frontend.o
                0x00000000000030e8                m_nrf_log_app_logs_data_const
 .log_const_data_app_timer
                0x00000000000030f0        0x8 Output/Release/Obj/libuarte_pca10056/app_timer2.o
                0x00000000000030f0                m_nrf_log_app_timer_logs_data_const
 .log_const_data_clock
                0x00000000000030f8        0x8 Output/Release/Obj/libuarte_pca10056/nrf_drv_clock.o
                0x00000000000030f8                m_nrf_log_clock_logs_data_const
 .log_const_data_libUARTE
                0x0000000000003100        0x8 Output/Release/Obj/libuarte_pca10056/nrf_libuarte_drv.o
                0x0000000000003100                m_nrf_log_libUARTE_logs_data_const
 .log_const_data_libUARTE_async
                0x0000000000003108        0x8 Output/Release/Obj/libuarte_pca10056/nrf_libuarte_async.o
                0x0000000000003108                m_nrf_log_libUARTE_async_logs_data_const
 .log_const_data_sortlist
                0x0000000000003110        0x8 Output/Release/Obj/libuarte_pca10056/nrf_sortlist.o
                0x0000000000003110                m_nrf_log_sortlist_logs_data_const
                0x0000000000003118                __log_const_data_end__ = (__log_const_data_start__ + SIZEOF (.log_const_data))
                0x0000000000000050                __log_const_data_size__ = SIZEOF (.log_const_data)
                0x0000000000003118                __stop_log_const_data = __log_const_data_end__
                0x0000000000003118                __log_const_data_load_end__ = __log_const_data_end__
                0x0000000000000001                . = ASSERT (((__log_const_data_start__ == __log_const_data_end__) || ((__log_const_data_end__ - __FLASH_segment_start__) <= __FLASH_segment_size__)), error: .log_const_data is too large to fit in FLASH memory segment)
                0x0000000000003118                __nrf_balloc_load_start__ = ALIGN (__log_const_data_end__, 0x4)

.nrf_balloc     0x0000000000003118       0x28
                0x0000000000003118                __nrf_balloc_start__ = .
                0x0000000000003118                __start_nrf_balloc = __nrf_balloc_start__
 *(.nrf_balloc*)
 .nrf_balloc    0x0000000000003118       0x14 Output/Release/Obj/libuarte_pca10056/nrf_log_frontend.o
                0x0000000000003118                log_mempool
 .nrf_balloc    0x000000000000312c       0x14 Output/Release/Obj/libuarte_pca10056/main.o
                0x000000000000312c                libuarte_rx_pool
                0x0000000000003140                __nrf_balloc_end__ = (__nrf_balloc_start__ + SIZEOF (.nrf_balloc))
                0x0000000000000028                __nrf_balloc_size__ = SIZEOF (.nrf_balloc)
                0x0000000000003140                __stop_nrf_balloc = __nrf_balloc_end__
                0x0000000000003140                __nrf_balloc_load_end__ = __nrf_balloc_end__
                0x0000000000000001                . = ASSERT (((__nrf_balloc_start__ == __nrf_balloc_end__) || ((__nrf_balloc_end__ - __FLASH_segment_start__) <= __FLASH_segment_size__)), error: .nrf_balloc is too large to fit in FLASH memory segment)
                0x0000000000003140                __log_backends_load_start__ = ALIGN (__nrf_balloc_end__, 0x4)

.log_backends   0x0000000000003140       0x10
                0x0000000000003140                __log_backends_start__ = .
                0x0000000000003140                __start_log_backends = __log_backends_start__
 *(SORT_BY_NAME(.log_backends*))
 .log_backends  0x0000000000003140       0x10 Output/Release/Obj/libuarte_pca10056/nrf_log_default_backends.o
                0x0000000000003150                __log_backends_end__ = (__log_backends_start__ + SIZEOF (.log_backends))
                0x0000000000000010                __log_backends_size__ = SIZEOF (.log_backends)
                0x0000000000003150                __stop_log_backends = __log_backends_end__
                0x0000000000003150                __log_backends_load_end__ = __log_backends_end__
                0x0000000000000001                . = ASSERT (((__log_backends_start__ == __log_backends_end__) || ((__log_backends_end__ - __FLASH_segment_start__) <= __FLASH_segment_size__)), error: .log_backends is too large to fit in FLASH memory segment)
                0x0000000000003150                __nrf_sections_load_start__ = ALIGN (__log_backends_end__, 0x4)

.nrf_sections   0x0000000000003150        0x0
                0x0000000000003150                __nrf_sections_start__ = .
                0x0000000000003150                __start_nrf_sections = __nrf_sections_start__
 *(.nrf_sections .nrf_sections.*)
                0x0000000000003150                __nrf_sections_end__ = (__nrf_sections_start__ + SIZEOF (.nrf_sections))
                0x0000000000000000                __nrf_sections_size__ = SIZEOF (.nrf_sections)
                0x0000000000003150                __nrf_sections_load_end__ = __nrf_sections_end__
                0x0000000000000001                . = ASSERT (((__nrf_sections_start__ == __nrf_sections_end__) || ((__nrf_sections_end__ - __FLASH_segment_start__) <= __FLASH_segment_size__)), error: .nrf_sections is too large to fit in FLASH memory segment)
                0x0000000000003150                __log_dynamic_data_load_start__ = ALIGN (__nrf_sections_end__, 0x4)

.log_dynamic_data
                0x0000000020000000        0x0 load address 0x0000000000003150
                0x0000000020000000                __log_dynamic_data_start__ = .
 *(SORT_BY_NAME(.log_dynamic_data*))
                0x0000000020000000                __log_dynamic_data_end__ = (__log_dynamic_data_start__ + SIZEOF (.log_dynamic_data))
                0x0000000000000000                __log_dynamic_data_size__ = SIZEOF (.log_dynamic_data)
                0x0000000000003150                __log_dynamic_data_load_end__ = (__log_dynamic_data_load_start__ + SIZEOF (.log_dynamic_data))
                0x0000000000000001                . = ASSERT (((__log_dynamic_data_load_start__ == __log_dynamic_data_load_end__) || ((__log_dynamic_data_load_end__ - __FLASH_segment_start__) <= __FLASH_segment_size__)), error: .log_dynamic_data is too large to fit in FLASH memory segment)

.log_dynamic_data_run
                0x0000000020000000        0x0
                0x0000000020000000                __log_dynamic_data_run_start__ = .
                0x0000000020000000                __start_log_dynamic_data = __log_dynamic_data_run_start__
                0x0000000020000000                . = MAX ((__log_dynamic_data_run_start__ + SIZEOF (.log_dynamic_data)), .)
                0x0000000020000000                __log_dynamic_data_run_end__ = (__log_dynamic_data_run_start__ + SIZEOF (.log_dynamic_data_run))
                0x0000000000000000                __log_dynamic_data_run_size__ = SIZEOF (.log_dynamic_data_run)
                0x0000000020000000                __stop_log_dynamic_data = __log_dynamic_data_run_end__
                0x0000000020000000                __log_dynamic_data_run_load_end__ = __log_dynamic_data_run_end__
                0x0000000000000001                . = ASSERT (((__log_dynamic_data_run_start__ == __log_dynamic_data_run_end__) || ((__log_dynamic_data_run_end__ - __RAM1_segment_start__) <= __RAM1_segment_size__)), error: .log_dynamic_data_run is too large to fit in RAM1 memory segment)
                0x0000000000003150                __log_filter_data_load_start__ = ALIGN ((__log_dynamic_data_load_start__ + SIZEOF (.log_dynamic_data)), 0x4)

.log_filter_data
                0x0000000020000000        0x0 load address 0x0000000000003150
                0x0000000020000000                __log_filter_data_start__ = .
 *(SORT_BY_NAME(.log_filter_data*))
                0x0000000020000000                __log_filter_data_end__ = (__log_filter_data_start__ + SIZEOF (.log_filter_data))
                0x0000000000000000                __log_filter_data_size__ = SIZEOF (.log_filter_data)
                0x0000000000003150                __log_filter_data_load_end__ = (__log_filter_data_load_start__ + SIZEOF (.log_filter_data))
                0x0000000000000001                . = ASSERT (((__log_filter_data_load_start__ == __log_filter_data_load_end__) || ((__log_filter_data_load_end__ - __FLASH_segment_start__) <= __FLASH_segment_size__)), error: .log_filter_data is too large to fit in FLASH memory segment)

.log_filter_data_run
                0x0000000020000000        0x0
                0x0000000020000000                __log_filter_data_run_start__ = .
                0x0000000020000000                __start_log_filter_data = __log_filter_data_run_start__
                0x0000000020000000                . = MAX ((__log_filter_data_run_start__ + SIZEOF (.log_filter_data)), .)
                0x0000000020000000                __log_filter_data_run_end__ = (__log_filter_data_run_start__ + SIZEOF (.log_filter_data_run))
                0x0000000000000000                __log_filter_data_run_size__ = SIZEOF (.log_filter_data_run)
                0x0000000020000000                __stop_log_filter_data = __log_filter_data_run_end__
                0x0000000020000000                __log_filter_data_run_load_end__ = __log_filter_data_run_end__
                0x0000000000000001                . = ASSERT (((__log_filter_data_run_start__ == __log_filter_data_run_end__) || ((__log_filter_data_run_end__ - __RAM1_segment_start__) <= __RAM1_segment_size__)), error: .log_filter_data_run is too large to fit in RAM1 memory segment)
                0x0000000020000000                __nrf_sections_run_end_load_start__ = ALIGN (__log_filter_data_run_end__, 0x4)

.nrf_sections_run_end
                0x0000000020000000        0x0
                0x0000000020000000                __nrf_sections_run_end_start__ = .
                0x0000000020000000                __end_nrf_sections_run = __nrf_sections_run_end_start__
 *(.nrf_sections_run_end .nrf_sections_run_end.*)
                0x0000000020000000                __nrf_sections_run_end_end__ = (__nrf_sections_run_end_start__ + SIZEOF (.nrf_sections_run_end))
                0x0000000000000000                __nrf_sections_run_end_size__ = SIZEOF (.nrf_sections_run_end)
                0x0000000020000000                __nrf_sections_run_end_load_end__ = __nrf_sections_run_end_end__
                0x0000000000000001                . = ASSERT (((__nrf_sections_run_end_start__ == __nrf_sections_run_end_end__) || ((__nrf_sections_run_end_end__ - __RAM1_segment_start__) <= __RAM1_segment_size__)), error: .nrf_sections_run_end is too large to fit in RAM1 memory segment)
                0x0000000000003150                __dtors_load_start__ = ALIGN ((__log_filter_data_load_start__ + SIZEOF (.log_filter_data)), 0x4)

.dtors          0x0000000000003150        0x0
                0x0000000000003150                __dtors_start__ = .
 *(SORT_BY_NAME(.dtors.*))
 *(.dtors)
 *(.fini_array)
 *(SORT_BY_NAME(.fini_array.*))
                0x0000000000003150                __dtors_end__ = (__dtors_start__ + SIZEOF (.dtors))
                0x0000000000000000                __dtors_size__ = SIZEOF (.dtors)
                0x0000000000003150                __dtors_load_end__ = __dtors_end__
                0x0000000000000001                . = ASSERT (((__dtors_start__ == __dtors_end__) || ((__dtors_end__ - __FLASH_segment_start__) <= __FLASH_segment_size__)), error: .dtors is too large to fit in FLASH memory segment)
                0x0000000000003150                __ctors_load_start__ = ALIGN (__dtors_end__, 0x4)

.ctors          0x0000000000003150        0x0
                0x0000000000003150                __ctors_start__ = .
 *(SORT_BY_NAME(.ctors.*))
 *(.ctors)
 *(.init_array)
 *(SORT_BY_NAME(.init_array.*))
                0x0000000000003150                __ctors_end__ = (__ctors_start__ + SIZEOF (.ctors))
                0x0000000000000000                __ctors_size__ = SIZEOF (.ctors)
                0x0000000000003150                __ctors_load_end__ = __ctors_end__
                0x0000000000000001                . = ASSERT (((__ctors_start__ == __ctors_end__) || ((__ctors_end__ - __FLASH_segment_start__) <= __FLASH_segment_size__)), error: .ctors is too large to fit in FLASH memory segment)
                0x0000000000003150                __rodata_load_start__ = ALIGN (__ctors_end__, 0x4)

.rodata         0x0000000000003150      0x41a
                0x0000000000003150                __rodata_start__ = .
 *(.rodata .rodata.* .gnu.linkonce.r.*)
 .rodata.delay_machine_code.0
                0x0000000000003150        0x6 Output/Release/Obj/libuarte_pca10056/nrf_log_backend_rtt.o
 *fill*         0x0000000000003156        0x2 
 .rodata.nrf_log_backend_rtt_api
                0x0000000000003158        0xc Output/Release/Obj/libuarte_pca10056/nrf_log_backend_rtt.o
                0x0000000000003158                nrf_log_backend_rtt_api
 .rodata.str1.1
                0x0000000000003164       0x10 Output/Release/Obj/libuarte_pca10056/nrf_log_default_backends.o
 .rodata.nrf_log_frontend_dequeue.str1.1
                0x0000000000003174       0x11 Output/Release/Obj/libuarte_pca10056/nrf_log_frontend.o
 .rodata.str1.1
                0x0000000000003185        0x4 Output/Release/Obj/libuarte_pca10056/nrf_log_frontend.o
 *fill*         0x0000000000003189        0x3 
 .rodata.m_log_push_ringbuf
                0x000000000000318c        0xc Output/Release/Obj/libuarte_pca10056/nrf_log_frontend.o
 .rodata.prefix_process.str1.1
                0x0000000000003198       0x32 Output/Release/Obj/libuarte_pca10056/nrf_log_str_formatter.o
 .rodata.postfix_process.str1.1
                0x00000000000031ca       0x32 Output/Release/Obj/libuarte_pca10056/nrf_log_str_formatter.o
                                          0x3 (size before relaxing)
 .rodata.nrf_log_hexdump_entry_process.str1.1
                0x00000000000031ca        0xf Output/Release/Obj/libuarte_pca10056/nrf_log_str_formatter.o
                                         0x11 (size before relaxing)
 .rodata.str1.1
                0x00000000000031d9       0x4b Output/Release/Obj/libuarte_pca10056/nrf_log_str_formatter.o
                                         0x51 (size before relaxing)
 .rodata.m_colors
                0x0000000000003224       0x24 Output/Release/Obj/libuarte_pca10056/nrf_log_str_formatter.o
 .rodata.severity_names
                0x0000000000003248       0x14 Output/Release/Obj/libuarte_pca10056/nrf_log_str_formatter.o
 .rodata.m_board_led_list
                0x000000000000325c        0x4 Output/Release/Obj/libuarte_pca10056/boards.o
 .rodata.app_error_fault_handler.str1.1
                0x0000000000003260       0x19 Output/Release/Obj/libuarte_pca10056/app_error_weak.o
 .rodata.str1.1
                0x0000000000003279        0xa Output/Release/Obj/libuarte_pca10056/app_timer2.o
 .rodata._aV2C.0
                0x0000000000003283       0x10 Output/Release/Obj/libuarte_pca10056/nrf_fprintf_format.o
 .rodata.str1.1
                0x0000000000003293        0xf Output/Release/Obj/libuarte_pca10056/nrf_libuarte_async.o
 .rodata        0x00000000000032a2        0x6 Output/Release/Obj/libuarte_pca10056/nrf_libuarte_async.o
 .rodata.str1.1
                0x00000000000032a8        0x9 Output/Release/Obj/libuarte_pca10056/nrf_libuarte_drv.o
 .rodata.str1.1
                0x00000000000032b1        0x9 Output/Release/Obj/libuarte_pca10056/nrf_sortlist.o
 .rodata.str1.1
                0x00000000000032ba        0x6 Output/Release/Obj/libuarte_pca10056/nrf_drv_clock.o
 .rodata.str1.1
                0x00000000000032c0        0x6 Output/Release/Obj/libuarte_pca10056/nrfx_clock.o
 .rodata.str1.1
                0x00000000000032c6        0x4 Output/Release/Obj/libuarte_pca10056/nrfx_ppi.o
 .rodata.str1.1
                0x00000000000032ca        0x4 Output/Release/Obj/libuarte_pca10056/nrfx_rtc.o
 .rodata.str1.1
                0x00000000000032ce        0x6 Output/Release/Obj/libuarte_pca10056/nrfx_timer.o
 .rodata.libuarte
                0x00000000000032d4       0x28 Output/Release/Obj/libuarte_pca10056/main.o
 .rodata.libuarte_libuarte
                0x00000000000032fc       0x10 Output/Release/Obj/libuarte_pca10056/main.o
 .rodata.libuarte_rtc
                0x000000000000330c        0x8 Output/Release/Obj/libuarte_pca10056/main.o
 .rodata._DoInit.str1.1
                0x0000000000003314       0x14 Output/Release/Obj/libuarte_pca10056/SEGGER_RTT.o
 .rodata.CSWTCH.6
                0x0000000000003328        0x4 Output/Release/Obj/libuarte_pca10056/system_nrf52840.o
 .rodata.libc.__RAL_find_locale.str1.4
                0x000000000000332c        0xa C:/Program Files/SEGGER/SEGGER Embedded Studio for ARM 5.40/lib/libc_v7em_fpv4_sp_d16_hard_t_le_eabi.a(libc2.o)
 *fill*         0x0000000000003336        0x2 
 .rodata.libc.__RAL_ascii_ctype_map
                0x0000000000003338       0x80 C:/Program Files/SEGGER/SEGGER Embedded Studio for ARM 5.40/lib/libc_v7em_fpv4_sp_d16_hard_t_le_eabi.a(libc2.o)
                0x0000000000003338                __RAL_ascii_ctype_map
 .rodata.libc.__RAL_ascii_ctype_mask
                0x00000000000033b8        0xd C:/Program Files/SEGGER/SEGGER Embedded Studio for ARM 5.40/lib/libc_v7em_fpv4_sp_d16_hard_t_le_eabi.a(libc2.o)
 *fill*         0x00000000000033c5        0x3 
 .rodata.libc.__RAL_c_locale
                0x00000000000033c8        0xc C:/Program Files/SEGGER/SEGGER Embedded Studio for ARM 5.40/lib/libc_v7em_fpv4_sp_d16_hard_t_le_eabi.a(libc2.o)
                0x00000000000033c8                __RAL_c_locale
 .rodata.libc.__RAL_c_locale_abbrev_day_names
                0x00000000000033d4       0x1d C:/Program Files/SEGGER/SEGGER Embedded Studio for ARM 5.40/lib/libc_v7em_fpv4_sp_d16_hard_t_le_eabi.a(libc2.o)
                0x00000000000033d4                __RAL_c_locale_abbrev_day_names
 *fill*         0x00000000000033f1        0x3 
 .rodata.libc.__RAL_c_locale_abbrev_month_names
                0x00000000000033f4       0x31 C:/Program Files/SEGGER/SEGGER Embedded Studio for ARM 5.40/lib/libc_v7em_fpv4_sp_d16_hard_t_le_eabi.a(libc2.o)
                0x00000000000033f4                __RAL_c_locale_abbrev_month_names
 *fill*         0x0000000000003425        0x3 
 .rodata.libc.__RAL_c_locale_am_pm_indicator
                0x0000000000003428        0x7 C:/Program Files/SEGGER/SEGGER Embedded Studio for ARM 5.40/lib/libc_v7em_fpv4_sp_d16_hard_t_le_eabi.a(libc2.o)
                0x0000000000003428                __RAL_c_locale_am_pm_indicator
 *fill*         0x000000000000342f        0x1 
 .rodata.libc.__RAL_c_locale_data
                0x0000000000003430       0x58 C:/Program Files/SEGGER/SEGGER Embedded Studio for ARM 5.40/lib/libc_v7em_fpv4_sp_d16_hard_t_le_eabi.a(libc2.o)
                0x0000000000003430                __RAL_c_locale_data
 .rodata.libc.__RAL_c_locale_date_format
                0x0000000000003488        0x9 C:/Program Files/SEGGER/SEGGER Embedded Studio for ARM 5.40/lib/libc_v7em_fpv4_sp_d16_hard_t_le_eabi.a(libc2.o)
                0x0000000000003488                __RAL_c_locale_date_format
 *fill*         0x0000000000003491        0x3 
 .rodata.libc.__RAL_c_locale_date_time_format
                0x0000000000003494        0xf C:/Program Files/SEGGER/SEGGER Embedded Studio for ARM 5.40/lib/libc_v7em_fpv4_sp_d16_hard_t_le_eabi.a(libc2.o)
                0x0000000000003494                __RAL_c_locale_date_time_format
 *fill*         0x00000000000034a3        0x1 
 .rodata.libc.__RAL_c_locale_day_names
                0x00000000000034a4       0x3a C:/Program Files/SEGGER/SEGGER Embedded Studio for ARM 5.40/lib/libc_v7em_fpv4_sp_d16_hard_t_le_eabi.a(libc2.o)
                0x00000000000034a4                __RAL_c_locale_day_names
 *fill*         0x00000000000034de        0x2 
 .rodata.libc.__RAL_c_locale_month_names
                0x00000000000034e0       0x57 C:/Program Files/SEGGER/SEGGER Embedded Studio for ARM 5.40/lib/libc_v7em_fpv4_sp_d16_hard_t_le_eabi.a(libc2.o)
                0x00000000000034e0                __RAL_c_locale_month_names
 *fill*         0x0000000000003537        0x1 
 .rodata.libc.__RAL_c_locale_time_format
                0x0000000000003538        0x9 C:/Program Files/SEGGER/SEGGER Embedded Studio for ARM 5.40/lib/libc_v7em_fpv4_sp_d16_hard_t_le_eabi.a(libc2.o)
                0x0000000000003538                __RAL_c_locale_time_format
 *fill*         0x0000000000003541        0x3 
 .rodata.libc.__RAL_codeset_ascii
                0x0000000000003544       0x20 C:/Program Files/SEGGER/SEGGER Embedded Studio for ARM 5.40/lib/libc_v7em_fpv4_sp_d16_hard_t_le_eabi.a(libc2.o)
                0x0000000000003544                __RAL_codeset_ascii
 .rodata.libc.__RAL_data_empty_string
                0x0000000000003564        0x1 C:/Program Files/SEGGER/SEGGER Embedded Studio for ARM 5.40/lib/libc_v7em_fpv4_sp_d16_hard_t_le_eabi.a(libc2.o)
                0x0000000000003564                __RAL_data_empty_string
 *fill*         0x0000000000003565        0x3 
 .rodata.libc.__RAL_data_utf8_period
                0x0000000000003568        0x2 C:/Program Files/SEGGER/SEGGER Embedded Studio for ARM 5.40/lib/libc_v7em_fpv4_sp_d16_hard_t_le_eabi.a(libc2.o)
                0x0000000000003568                __RAL_data_utf8_period
                0x000000000000356a                __rodata_end__ = (__rodata_start__ + SIZEOF (.rodata))
                0x000000000000041a                __rodata_size__ = SIZEOF (.rodata)
                0x000000000000356a                __rodata_load_end__ = __rodata_end__

.rel.dyn        0x000000000000356c        0x0
 .rel.iplt      0x000000000000356c        0x0 Output/Release/Obj/libuarte_pca10056/thumb_crt0.o
                0x0000000000000001                . = ASSERT (((__rodata_start__ == __rodata_end__) || ((__rodata_end__ - __FLASH_segment_start__) <= __FLASH_segment_size__)), error: .rodata is too large to fit in FLASH memory segment)
                0x000000000000356c                __ARM.exidx_load_start__ = ALIGN (__rodata_end__, 0x4)

.ARM.exidx      0x000000000000356c        0x0
                0x000000000000356c                __ARM.exidx_start__ = .
                0x000000000000356c                __exidx_start = __ARM.exidx_start__
 *(.ARM.exidx .ARM.exidx.*)
                0x000000000000356c                __ARM.exidx_end__ = (__ARM.exidx_start__ + SIZEOF (.ARM.exidx))
                0x0000000000000000                __ARM.exidx_size__ = SIZEOF (.ARM.exidx)
                0x000000000000356c                __exidx_end = __ARM.exidx_end__
                0x000000000000356c                __ARM.exidx_load_end__ = __ARM.exidx_end__
                0x0000000000000001                . = ASSERT (((__ARM.exidx_start__ == __ARM.exidx_end__) || ((__ARM.exidx_end__ - __FLASH_segment_start__) <= __FLASH_segment_size__)), error: .ARM.exidx is too large to fit in FLASH memory segment)
                0x000000000000356c                __fast_load_start__ = ALIGN (__ARM.exidx_end__, 0x4)

.fast           0x0000000020000000        0x0 load address 0x000000000000356c
                0x0000000020000000                __fast_start__ = .
 *(.fast .fast.*)
                0x0000000020000000                __fast_end__ = (__fast_start__ + SIZEOF (.fast))
                0x0000000000000000                __fast_size__ = SIZEOF (.fast)
                0x000000000000356c                __fast_load_end__ = (__fast_load_start__ + SIZEOF (.fast))
                0x0000000000000001                . = ASSERT (((__fast_load_start__ == __fast_load_end__) || ((__fast_load_end__ - __FLASH_segment_start__) <= __FLASH_segment_size__)), error: .fast is too large to fit in FLASH memory segment)

.fast_run       0x0000000020000000        0x0
                0x0000000020000000                __fast_run_start__ = .
                0x0000000020000000                . = MAX ((__fast_run_start__ + SIZEOF (.fast)), .)
                0x0000000020000000                __fast_run_end__ = (__fast_run_start__ + SIZEOF (.fast_run))
                0x0000000000000000                __fast_run_size__ = SIZEOF (.fast_run)
                0x0000000020000000                __fast_run_load_end__ = __fast_run_end__
                0x0000000000000001                . = ASSERT (((__fast_run_start__ == __fast_run_end__) || ((__fast_run_end__ - __RAM1_segment_start__) <= __RAM1_segment_size__)), error: .fast_run is too large to fit in RAM1 memory segment)
                0x000000000000356c                __data_load_start__ = ALIGN ((__fast_load_start__ + SIZEOF (.fast)), 0x4)

.data           0x0000000020000000       0x4c load address 0x000000000000356c
                0x0000000020000000                __data_start__ = .
 *(.data .data.* .gnu.linkonce.d.*)
 .data.log_backend_cb_rtt_log_backend
                0x0000000020000000        0x8 Output/Release/Obj/libuarte_pca10056/nrf_log_default_backends.o
 .data.m_rtc_inst
                0x0000000020000008        0x8 Output/Release/Obj/libuarte_pca10056/app_timer2.o
 .data.text     0x0000000020000010       0x24 Output/Release/Obj/libuarte_pca10056/main.o
 .data.SystemCoreClock
                0x0000000020000034        0x4 Output/Release/Obj/libuarte_pca10056/system_nrf52840.o
                0x0000000020000034                SystemCoreClock
 .data.libc.__RAL_global_locale
                0x0000000020000038       0x14 C:/Program Files/SEGGER/SEGGER Embedded Studio for ARM 5.40/lib/libc_v7em_fpv4_sp_d16_hard_t_le_eabi.a(libc2.o)
                0x0000000020000038                __RAL_global_locale
                0x000000002000004c                __data_end__ = (__data_start__ + SIZEOF (.data))
                0x000000000000004c                __data_size__ = SIZEOF (.data)
                0x00000000000035b8                __data_load_end__ = (__data_load_start__ + SIZEOF (.data))

.igot.plt       0x0000000100000000        0x0
 .igot.plt      0x0000000100000000        0x0 Output/Release/Obj/libuarte_pca10056/thumb_crt0.o
                0x0000000000000001                . = ASSERT (((__data_load_start__ == __data_load_end__) || ((__data_load_end__ - __FLASH_segment_start__) <= __FLASH_segment_size__)), error: .data is too large to fit in FLASH memory segment)

.data_run       0x0000000020000000       0x4c load address 0x000000000000356c
                0x0000000020000000                __data_run_start__ = .
                0x000000002000004c                . = MAX ((__data_run_start__ + SIZEOF (.data)), .)
 *fill*         0x0000000020000000       0x4c 
                0x000000002000004c                __data_run_end__ = (__data_run_start__ + SIZEOF (.data_run))
                0x000000000000004c                __data_run_size__ = SIZEOF (.data_run)
                0x000000002000004c                __data_run_load_end__ = __data_run_end__
                0x0000000000000001                . = ASSERT (((__data_run_start__ == __data_run_end__) || ((__data_run_end__ - __RAM1_segment_start__) <= __RAM1_segment_size__)), error: .data_run is too large to fit in RAM1 memory segment)
                0x00000000000035b8                __tdata_load_start__ = ALIGN ((__data_load_start__ + SIZEOF (.data)), 0x4)

.tdata          0x000000002000004c        0x0 load address 0x00000000000035b8
                0x000000002000004c                __tdata_start__ = .
 *(.tdata .tdata.*)
                0x000000002000004c                __tdata_end__ = (__tdata_start__ + SIZEOF (.tdata))
                0x0000000000000000                __tdata_size__ = SIZEOF (.tdata)
                0x00000000000035b8                __tdata_load_end__ = (__tdata_load_start__ + SIZEOF (.tdata))
                0x00000000000035b8                __FLASH_segment_used_end__ = (ALIGN ((__data_load_start__ + SIZEOF (.data)), 0x4) + SIZEOF (.tdata))
                0x00000000000035b8                __FLASH_segment_used_size__ = (__FLASH_segment_used_end__ - __FLASH_segment_start__)
                0x0000000000000001                . = ASSERT (((__tdata_load_start__ == __tdata_load_end__) || ((__tdata_load_end__ - __FLASH_segment_start__) <= __FLASH_segment_size__)), error: .tdata is too large to fit in FLASH memory segment)

.tdata_run      0x000000002000004c        0x0
                0x000000002000004c                __tdata_run_start__ = .
                0x000000002000004c                . = MAX ((__tdata_run_start__ + SIZEOF (.tdata)), .)
                0x000000002000004c                __tdata_run_end__ = (__tdata_run_start__ + SIZEOF (.tdata_run))
                0x0000000000000000                __tdata_run_size__ = SIZEOF (.tdata_run)
                0x000000002000004c                __tdata_run_load_end__ = __tdata_run_end__
                0x0000000000000001                . = ASSERT (((__tdata_run_start__ == __tdata_run_end__) || ((__tdata_run_end__ - __RAM1_segment_start__) <= __RAM1_segment_size__)), error: .tdata_run is too large to fit in RAM1 memory segment)
                0x000000002000004c                __bss_load_start__ = ALIGN (__tdata_run_end__, 0x4)

.bss            0x000000002000004c      0xcb8
                0x000000002000004c                __bss_start__ = .
 *(.bss .bss.* .gnu.linkonce.b.*)
 .bss.m_host_present
                0x000000002000004c        0x1 Output/Release/Obj/libuarte_pca10056/nrf_log_backend_rtt.o
 .bss.m_string_buff
                0x000000002000004d       0x40 Output/Release/Obj/libuarte_pca10056/nrf_log_backend_rtt.o
 *fill*         0x000000002000008d        0x3 
 .bss.log_mempool_nrf_balloc_cb
                0x0000000020000090        0x8 Output/Release/Obj/libuarte_pca10056/nrf_log_frontend.o
 .bss.log_mempool_nrf_balloc_pool_mem
                0x0000000020000098       0xc0 Output/Release/Obj/libuarte_pca10056/nrf_log_frontend.o
 .bss.log_mempool_nrf_balloc_pool_stack
                0x0000000020000158        0x8 Output/Release/Obj/libuarte_pca10056/nrf_log_frontend.o
 .bss.m_log_data
                0x0000000020000160      0x420 Output/Release/Obj/libuarte_pca10056/nrf_log_frontend.o
 .bss.m_log_push_ringbuf_buf
                0x0000000020000580       0x80 Output/Release/Obj/libuarte_pca10056/nrf_log_frontend.o
 .bss.m_log_push_ringbuf_cb
                0x0000000020000600       0x18 Output/Release/Obj/libuarte_pca10056/nrf_log_frontend.o
 .bss.m_base_counter
                0x0000000020000618        0x8 Output/Release/Obj/libuarte_pca10056/app_timer2.o
 .bss.m_req_fifo_inst
                0x0000000020000620       0x10 Output/Release/Obj/libuarte_pca10056/app_timer2.o
 .bss.m_stamp64
                0x0000000020000630        0x8 Output/Release/Obj/libuarte_pca10056/app_timer2.o
 .bss.m_in_critical_region
                0x0000000020000638        0x4 Output/Release/Obj/libuarte_pca10056/app_util_platform.o
 .bss.m_cb      0x000000002000063c        0x8 Output/Release/Obj/libuarte_pca10056/drv_rtc.o
 .bss.m_handlers
                0x0000000020000644        0x4 Output/Release/Obj/libuarte_pca10056/drv_rtc.o
 .bss.m_libuarte_instance
                0x0000000020000648        0x8 Output/Release/Obj/libuarte_pca10056/nrf_libuarte_drv.o
 .bss.m_clock_cb
                0x0000000020000650       0x14 Output/Release/Obj/libuarte_pca10056/nrf_drv_clock.o
 .bss.m_clock_cb
                0x0000000020000664        0x8 Output/Release/Obj/libuarte_pca10056/nrfx_clock.o
 .bss.m_channels_allocated
                0x000000002000066c        0x4 Output/Release/Obj/libuarte_pca10056/nrfx_ppi.o
 .bss.m_groups_allocated
                0x0000000020000670        0x1 Output/Release/Obj/libuarte_pca10056/nrfx_ppi.o
 .bss.m_cb      0x0000000020000671        0x3 Output/Release/Obj/libuarte_pca10056/nrfx_rtc.o
 .bss.m_handlers
                0x0000000020000674        0x4 Output/Release/Obj/libuarte_pca10056/nrfx_rtc.o
 .bss.m_cb      0x0000000020000678        0xc Output/Release/Obj/libuarte_pca10056/nrfx_timer.o
 .bss.libuarte_libuartectrl_blk
                0x0000000020000684       0x40 Output/Release/Obj/libuarte_pca10056/main.o
 .bss.libuarte_rx_pool_nrf_balloc_cb
                0x00000000200006c4        0x8 Output/Release/Obj/libuarte_pca10056/main.o
 .bss.libuarte_rx_pool_nrf_balloc_pool_mem
                0x00000000200006cc      0x300 Output/Release/Obj/libuarte_pca10056/main.o
 .bss.libuarte_rx_pool_nrf_balloc_pool_stack
                0x00000000200009cc        0x3 Output/Release/Obj/libuarte_pca10056/main.o
 *fill*         0x00000000200009cf        0x1 
 .bss.libuarte_rxdata_queue_nrf_queue_buffer
                0x00000000200009d0       0x10 Output/Release/Obj/libuarte_pca10056/main.o
 .bss.libuarte_rxdata_queue_nrf_queue_cb
                0x00000000200009e0        0xc Output/Release/Obj/libuarte_pca10056/main.o
 .bss.libuartectrl_blk
                0x00000000200009ec       0x28 Output/Release/Obj/libuarte_pca10056/main.o
 .bss.m_buf_queue_nrf_queue_buffer
                0x0000000020000a14       0x58 Output/Release/Obj/libuarte_pca10056/main.o
 .bss.m_buf_queue_nrf_queue_cb
                0x0000000020000a6c        0xc Output/Release/Obj/libuarte_pca10056/main.o
 .bss.m_loopback_phase
                0x0000000020000a78        0x1 Output/Release/Obj/libuarte_pca10056/main.o
 *fill*         0x0000000020000a79        0x3 
 .bss._SEGGER_RTT
                0x0000000020000a7c       0x78 Output/Release/Obj/libuarte_pca10056/SEGGER_RTT.o
                0x0000000020000a7c                _SEGGER_RTT
 .bss._acDownBuffer
                0x0000000020000af4       0x10 Output/Release/Obj/libuarte_pca10056/SEGGER_RTT.o
 .bss._acUpBuffer
                0x0000000020000b04      0x200 Output/Release/Obj/libuarte_pca10056/SEGGER_RTT.o
 *(COMMON)
                0x0000000020000d04                __bss_end__ = (__bss_start__ + SIZEOF (.bss))
                0x0000000000000cb8                __bss_size__ = SIZEOF (.bss)
                0x0000000020000d04                __bss_load_end__ = __bss_end__
                0x0000000000000001                . = ASSERT (((__bss_start__ == __bss_end__) || ((__bss_end__ - __RAM1_segment_start__) <= __RAM1_segment_size__)), error: .bss is too large to fit in RAM1 memory segment)
                0x0000000020000d04                __tbss_load_start__ = ALIGN (__bss_end__, 0x4)

.tbss           0x0000000020000d04        0x0
                0x0000000020000d04                __tbss_start__ = .
 *(.tbss .tbss.*)
                0x0000000020000d04                __tbss_end__ = (__tbss_start__ + SIZEOF (.tbss))
                0x0000000000000000                __tbss_size__ = SIZEOF (.tbss)
                0x0000000020000d04                __tbss_load_end__ = __tbss_end__
                0x0000000000000001                . = ASSERT (((__tbss_start__ == __tbss_end__) || ((__tbss_end__ - __RAM1_segment_start__) <= __RAM1_segment_size__)), error: .tbss is too large to fit in RAM1 memory segment)
                0x0000000020000d04                __non_init_load_start__ = ALIGN (__tbss_end__, 0x4)

.non_init       0x0000000020000d04        0x0
                0x0000000020000d04                __non_init_start__ = .
 *(.non_init .non_init.*)
                0x0000000020000d04                __non_init_end__ = (__non_init_start__ + SIZEOF (.non_init))
                0x0000000000000000                __non_init_size__ = SIZEOF (.non_init)
                0x0000000020000d04                __non_init_load_end__ = __non_init_end__
                0x0000000000000001                . = ASSERT (((__non_init_start__ == __non_init_end__) || ((__non_init_end__ - __RAM1_segment_start__) <= __RAM1_segment_size__)), error: .non_init is too large to fit in RAM1 memory segment)
                0x0000000020000d04                __heap_load_start__ = ALIGN (__non_init_end__, 0x4)

.heap           0x0000000020000d04     0x2000
                0x0000000020000d04                __heap_start__ = .
 *(.heap .heap.*)
                0x0000000020002d04                . = ALIGN (MAX ((__heap_start__ + __HEAPSIZE__), .), 0x4)
 *fill*         0x0000000020000d04     0x2000 
                0x0000000020002d04                __heap_end__ = (__heap_start__ + SIZEOF (.heap))
                0x0000000000002000                __heap_size__ = SIZEOF (.heap)
                0x0000000020002d04                __heap_load_end__ = __heap_end__
                0x0000000000000001                . = ASSERT (((__heap_start__ == __heap_end__) || ((__heap_end__ - __RAM1_segment_start__) <= __RAM1_segment_size__)), error: .heap is too large to fit in RAM1 memory segment)
                0x000000002003e000                __stack_load_start__ = (__RAM1_segment_start__ + (__RAM1_segment_size__ - 0x2000))

.stack          0x000000002003e000     0x2000
                0x000000002003e000                __stack_start__ = .
                0x000000002003e000                __StackLimit = __stack_start__
 *(.stack .stack.*)
                0x0000000020040000                . = ALIGN (MAX ((__stack_start__ + __STACKSIZE__), .), 0x8)
 *fill*         0x000000002003e000     0x2000 
                0x0000000020040000                __stack_end__ = (__stack_start__ + SIZEOF (.stack))
                0x0000000000002000                __stack_size__ = SIZEOF (.stack)
                0x0000000020040000                __StackTop = __stack_end__
                0x0000000020040000                __stack_load_end__ = __stack_end__
                0x0000000000000001                . = ASSERT (((__stack_start__ == __stack_end__) || ((__stack_end__ - __RAM1_segment_start__) <= __RAM1_segment_size__)), error: .stack is too large to fit in RAM1 memory segment)
                0x0000000000000001                . = ASSERT ((__heap_end__ <= __stack_start__), error: section .heap overlaps absolute placed section .stack)
                0x0000000020040000                __stack_process_load_start__ = ALIGN (__stack_end__, 0x8)

.stack_process  0x0000000020040000        0x0
                0x0000000020040000                __stack_process_start__ = .
 *(.stack_process .stack_process.*)
                0x0000000020040000                . = ALIGN (MAX ((__stack_process_start__ + __STACKSIZE_PROCESS__), .), 0x8)
                0x0000000020040000                __stack_process_end__ = (__stack_process_start__ + SIZEOF (.stack_process))
                0x0000000000000000                __stack_process_size__ = SIZEOF (.stack_process)
                0x0000000020040000                __stack_process_load_end__ = __stack_process_end__
                0x0000000020040000                __RAM1_segment_used_end__ = (ALIGN (__stack_end__, 0x8) + SIZEOF (.stack_process))
                0x0000000000040000                __RAM1_segment_used_size__ = (__RAM1_segment_used_end__ - __RAM1_segment_start__)
                0x0000000000000001                . = ASSERT (((__stack_process_start__ == __stack_process_end__) || ((__stack_process_end__ - __RAM1_segment_start__) <= __RAM1_segment_size__)), error: .stack_process is too large to fit in RAM1 memory segment)
START GROUP
LOAD Output/Release/Obj/libuarte_pca10056/thumb_crt0.o
LOAD Output/Release/Obj/libuarte_pca10056/nrf_log_backend_rtt.o
LOAD Output/Release/Obj/libuarte_pca10056/nrf_log_backend_serial.o
LOAD Output/Release/Obj/libuarte_pca10056/nrf_log_default_backends.o
LOAD Output/Release/Obj/libuarte_pca10056/nrf_log_frontend.o
LOAD Output/Release/Obj/libuarte_pca10056/nrf_log_str_formatter.o
LOAD Output/Release/Obj/libuarte_pca10056/boards.o
LOAD Output/Release/Obj/libuarte_pca10056/app_error.o
LOAD Output/Release/Obj/libuarte_pca10056/app_error_handler_gcc.o
LOAD Output/Release/Obj/libuarte_pca10056/app_error_weak.o
LOAD Output/Release/Obj/libuarte_pca10056/app_scheduler.o
LOAD Output/Release/Obj/libuarte_pca10056/app_timer2.o
LOAD Output/Release/Obj/libuarte_pca10056/app_util_platform.o
LOAD Output/Release/Obj/libuarte_pca10056/drv_rtc.o
LOAD Output/Release/Obj/libuarte_pca10056/nrf_assert.o
LOAD Output/Release/Obj/libuarte_pca10056/nrf_atfifo.o
LOAD Output/Release/Obj/libuarte_pca10056/nrf_atomic.o
LOAD Output/Release/Obj/libuarte_pca10056/nrf_balloc.o
LOAD Output/Release/Obj/libuarte_pca10056/nrf_fprintf.o
LOAD Output/Release/Obj/libuarte_pca10056/nrf_fprintf_format.o
LOAD Output/Release/Obj/libuarte_pca10056/nrf_libuarte_async.o
LOAD Output/Release/Obj/libuarte_pca10056/nrf_libuarte_drv.o
LOAD Output/Release/Obj/libuarte_pca10056/nrf_memobj.o
LOAD Output/Release/Obj/libuarte_pca10056/nrf_queue.o
LOAD Output/Release/Obj/libuarte_pca10056/nrf_ringbuf.o
LOAD Output/Release/Obj/libuarte_pca10056/nrf_sortlist.o
LOAD Output/Release/Obj/libuarte_pca10056/nrf_strerror.o
LOAD Output/Release/Obj/libuarte_pca10056/nrf_drv_clock.o
LOAD Output/Release/Obj/libuarte_pca10056/nrf_nvic.o
LOAD Output/Release/Obj/libuarte_pca10056/nrf_soc.o
LOAD Output/Release/Obj/libuarte_pca10056/nrfx_atomic.o
LOAD Output/Release/Obj/libuarte_pca10056/nrfx_clock.o
LOAD Output/Release/Obj/libuarte_pca10056/nrfx_ppi.o
LOAD Output/Release/Obj/libuarte_pca10056/nrfx_rtc.o
LOAD Output/Release/Obj/libuarte_pca10056/nrfx_timer.o
LOAD Output/Release/Obj/libuarte_pca10056/main.o
LOAD Output/Release/Obj/libuarte_pca10056/SEGGER_RTT.o
LOAD Output/Release/Obj/libuarte_pca10056/SEGGER_RTT_Syscalls_SES.o
LOAD Output/Release/Obj/libuarte_pca10056/SEGGER_RTT_printf.o
LOAD Output/Release/Obj/libuarte_pca10056/ses_startup_nrf52840.o
LOAD Output/Release/Obj/libuarte_pca10056/ses_startup_nrf_common.o
LOAD Output/Release/Obj/libuarte_pca10056/system_nrf52840.o
LOAD C:/Program Files/SEGGER/SEGGER Embedded Studio for ARM 5.40/lib/libm_v7em_fpv4_sp_d16_hard_t_le_eabi.a
LOAD C:/Program Files/SEGGER/SEGGER Embedded Studio for ARM 5.40/lib/libc_v7em_fpv4_sp_d16_hard_t_le_eabi.a
LOAD C:/Program Files/SEGGER/SEGGER Embedded Studio for ARM 5.40/lib/libdebugio_v7em_fpv4_sp_d16_hard_t_le_eabi.a
END GROUP
OUTPUT(Output/Release/Exe/libuarte_pca10056.elf elf32-littlearm)
LOAD linker stubs

.ARM.attributes
                0x0000000000000000       0x35
 .ARM.attributes
                0x0000000000000000       0x25 Output/Release/Obj/libuarte_pca10056/thumb_crt0.o
 .ARM.attributes
                0x0000000000000025       0x39 Output/Release/Obj/libuarte_pca10056/nrf_log_backend_rtt.o
 .ARM.attributes
                0x000000000000005e       0x39 Output/Release/Obj/libuarte_pca10056/nrf_log_backend_serial.o
 .ARM.attributes
                0x0000000000000097       0x39 Output/Release/Obj/libuarte_pca10056/nrf_log_default_backends.o
 .ARM.attributes
                0x00000000000000d0       0x39 Output/Release/Obj/libuarte_pca10056/nrf_log_frontend.o
 .ARM.attributes
                0x0000000000000109       0x39 Output/Release/Obj/libuarte_pca10056/nrf_log_str_formatter.o
 .ARM.attributes
                0x0000000000000142       0x39 Output/Release/Obj/libuarte_pca10056/boards.o
 .ARM.attributes
                0x000000000000017b       0x39 Output/Release/Obj/libuarte_pca10056/app_error.o
 .ARM.attributes
                0x00000000000001b4       0x39 Output/Release/Obj/libuarte_pca10056/app_error_weak.o
 .ARM.attributes
                0x00000000000001ed       0x39 Output/Release/Obj/libuarte_pca10056/app_timer2.o
 .ARM.attributes
                0x0000000000000226       0x39 Output/Release/Obj/libuarte_pca10056/app_util_platform.o
 .ARM.attributes
                0x000000000000025f       0x39 Output/Release/Obj/libuarte_pca10056/drv_rtc.o
 .ARM.attributes
                0x0000000000000298       0x39 Output/Release/Obj/libuarte_pca10056/nrf_atfifo.o
 .ARM.attributes
                0x00000000000002d1       0x39 Output/Release/Obj/libuarte_pca10056/nrf_atomic.o
 .ARM.attributes
                0x000000000000030a       0x39 Output/Release/Obj/libuarte_pca10056/nrf_balloc.o
 .ARM.attributes
                0x0000000000000343       0x39 Output/Release/Obj/libuarte_pca10056/nrf_fprintf.o
 .ARM.attributes
                0x000000000000037c       0x39 Output/Release/Obj/libuarte_pca10056/nrf_fprintf_format.o
 .ARM.attributes
                0x00000000000003b5       0x39 Output/Release/Obj/libuarte_pca10056/nrf_libuarte_async.o
 .ARM.attributes
                0x00000000000003ee       0x39 Output/Release/Obj/libuarte_pca10056/nrf_libuarte_drv.o
 .ARM.attributes
                0x0000000000000427       0x39 Output/Release/Obj/libuarte_pca10056/nrf_memobj.o
 .ARM.attributes
                0x0000000000000460       0x39 Output/Release/Obj/libuarte_pca10056/nrf_queue.o
 .ARM.attributes
                0x0000000000000499       0x39 Output/Release/Obj/libuarte_pca10056/nrf_ringbuf.o
 .ARM.attributes
                0x00000000000004d2       0x39 Output/Release/Obj/libuarte_pca10056/nrf_sortlist.o
 .ARM.attributes
                0x000000000000050b       0x39 Output/Release/Obj/libuarte_pca10056/nrf_drv_clock.o
 .ARM.attributes
                0x0000000000000544       0x39 Output/Release/Obj/libuarte_pca10056/nrfx_clock.o
 .ARM.attributes
                0x000000000000057d       0x39 Output/Release/Obj/libuarte_pca10056/nrfx_ppi.o
 .ARM.attributes
                0x00000000000005b6       0x39 Output/Release/Obj/libuarte_pca10056/nrfx_rtc.o
 .ARM.attributes
                0x00000000000005ef       0x39 Output/Release/Obj/libuarte_pca10056/nrfx_timer.o
 .ARM.attributes
                0x0000000000000628       0x39 Output/Release/Obj/libuarte_pca10056/main.o
 .ARM.attributes
                0x0000000000000661       0x39 Output/Release/Obj/libuarte_pca10056/SEGGER_RTT.o
 .ARM.attributes
                0x000000000000069a       0x25 Output/Release/Obj/libuarte_pca10056/ses_startup_nrf52840.o
 .ARM.attributes
                0x00000000000006bf       0x25 Output/Release/Obj/libuarte_pca10056/ses_startup_nrf_common.o
 .ARM.attributes
                0x00000000000006e4       0x39 Output/Release/Obj/libuarte_pca10056/system_nrf52840.o
 .ARM.attributes
                0x000000000000071d       0x20 C:/Program Files/SEGGER/SEGGER Embedded Studio for ARM 5.40/lib/libc_v7em_fpv4_sp_d16_hard_t_le_eabi.a(libc_asm.o)
 .ARM.attributes
                0x000000000000073d       0x34 C:/Program Files/SEGGER/SEGGER Embedded Studio for ARM 5.40/lib/libc_v7em_fpv4_sp_d16_hard_t_le_eabi.a(libc2.o)
 .ARM.attributes
                0x0000000000000771       0x20 C:/Program Files/SEGGER/SEGGER Embedded Studio for ARM 5.40/lib/libc_v7em_fpv4_sp_d16_hard_t_le_eabi.a(libc2_asm.o)

.comment        0x0000000000000000       0x25
 .comment       0x0000000000000000       0x25 Output/Release/Obj/libuarte_pca10056/nrf_log_backend_rtt.o
                                         0x26 (size before relaxing)
 .comment       0x0000000000000025       0x26 Output/Release/Obj/libuarte_pca10056/nrf_log_backend_serial.o
 .comment       0x0000000000000025       0x26 Output/Release/Obj/libuarte_pca10056/nrf_log_default_backends.o
 .comment       0x0000000000000025       0x26 Output/Release/Obj/libuarte_pca10056/nrf_log_frontend.o
 .comment       0x0000000000000025       0x26 Output/Release/Obj/libuarte_pca10056/nrf_log_str_formatter.o
 .comment       0x0000000000000025       0x26 Output/Release/Obj/libuarte_pca10056/boards.o
 .comment       0x0000000000000025       0x26 Output/Release/Obj/libuarte_pca10056/app_error.o
 .comment       0x0000000000000025       0x26 Output/Release/Obj/libuarte_pca10056/app_error_weak.o
 .comment       0x0000000000000025       0x26 Output/Release/Obj/libuarte_pca10056/app_timer2.o
 .comment       0x0000000000000025       0x26 Output/Release/Obj/libuarte_pca10056/app_util_platform.o
 .comment       0x0000000000000025       0x26 Output/Release/Obj/libuarte_pca10056/drv_rtc.o
 .comment       0x0000000000000025       0x26 Output/Release/Obj/libuarte_pca10056/nrf_atfifo.o
 .comment       0x0000000000000025       0x26 Output/Release/Obj/libuarte_pca10056/nrf_atomic.o
 .comment       0x0000000000000025       0x26 Output/Release/Obj/libuarte_pca10056/nrf_balloc.o
 .comment       0x0000000000000025       0x26 Output/Release/Obj/libuarte_pca10056/nrf_fprintf.o
 .comment       0x0000000000000025       0x26 Output/Release/Obj/libuarte_pca10056/nrf_fprintf_format.o
 .comment       0x0000000000000025       0x26 Output/Release/Obj/libuarte_pca10056/nrf_libuarte_async.o
 .comment       0x0000000000000025       0x26 Output/Release/Obj/libuarte_pca10056/nrf_libuarte_drv.o
 .comment       0x0000000000000025       0x26 Output/Release/Obj/libuarte_pca10056/nrf_memobj.o
 .comment       0x0000000000000025       0x26 Output/Release/Obj/libuarte_pca10056/nrf_queue.o
 .comment       0x0000000000000025       0x26 Output/Release/Obj/libuarte_pca10056/nrf_ringbuf.o
 .comment       0x0000000000000025       0x26 Output/Release/Obj/libuarte_pca10056/nrf_sortlist.o
 .comment       0x0000000000000025       0x26 Output/Release/Obj/libuarte_pca10056/nrf_drv_clock.o
 .comment       0x0000000000000025       0x26 Output/Release/Obj/libuarte_pca10056/nrfx_clock.o
 .comment       0x0000000000000025       0x26 Output/Release/Obj/libuarte_pca10056/nrfx_ppi.o
 .comment       0x0000000000000025       0x26 Output/Release/Obj/libuarte_pca10056/nrfx_rtc.o
 .comment       0x0000000000000025       0x26 Output/Release/Obj/libuarte_pca10056/nrfx_timer.o
 .comment       0x0000000000000025       0x26 Output/Release/Obj/libuarte_pca10056/main.o
 .comment       0x0000000000000025       0x26 Output/Release/Obj/libuarte_pca10056/SEGGER_RTT.o
 .comment       0x0000000000000025       0x26 Output/Release/Obj/libuarte_pca10056/system_nrf52840.o
 .comment       0x0000000000000025       0x26 C:/Program Files/SEGGER/SEGGER Embedded Studio for ARM 5.40/lib/libc_v7em_fpv4_sp_d16_hard_t_le_eabi.a(libc2.o)

.debug_line     0x0000000000000000    0x1460f
 .debug_line    0x0000000000000000      0x21e Output/Release/Obj/libuarte_pca10056/thumb_crt0.o
 .debug_line    0x000000000000021e      0x8fa Output/Release/Obj/libuarte_pca10056/nrf_log_backend_rtt.o
 .debug_line    0x0000000000000b18      0x6d4 Output/Release/Obj/libuarte_pca10056/nrf_log_backend_serial.o
 .debug_line    0x00000000000011ec      0x5c5 Output/Release/Obj/libuarte_pca10056/nrf_log_default_backends.o
 .debug_line    0x00000000000017b1     0x125d Output/Release/Obj/libuarte_pca10056/nrf_log_frontend.o
 .debug_line    0x0000000000002a0e      0x7db Output/Release/Obj/libuarte_pca10056/nrf_log_str_formatter.o
 .debug_line    0x00000000000031e9      0xb1c Output/Release/Obj/libuarte_pca10056/boards.o
 .debug_line    0x0000000000003d05      0x3c8 Output/Release/Obj/libuarte_pca10056/app_error.o
 .debug_line    0x00000000000040cd      0x6ff Output/Release/Obj/libuarte_pca10056/app_error_weak.o
 .debug_line    0x00000000000047cc      0xd5b Output/Release/Obj/libuarte_pca10056/app_timer2.o
 .debug_line    0x0000000000005527      0x456 Output/Release/Obj/libuarte_pca10056/app_util_platform.o
 .debug_line    0x000000000000597d     0x118b Output/Release/Obj/libuarte_pca10056/drv_rtc.o
 .debug_line    0x0000000000006b08      0x783 Output/Release/Obj/libuarte_pca10056/nrf_atfifo.o
 .debug_line    0x000000000000728b      0x6ac Output/Release/Obj/libuarte_pca10056/nrf_atomic.o
 .debug_line    0x0000000000007937      0x6bd Output/Release/Obj/libuarte_pca10056/nrf_balloc.o
 .debug_line    0x0000000000007ff4      0x3e8 Output/Release/Obj/libuarte_pca10056/nrf_fprintf.o
 .debug_line    0x00000000000083dc      0x859 Output/Release/Obj/libuarte_pca10056/nrf_fprintf_format.o
 .debug_line    0x0000000000008c35     0x146a Output/Release/Obj/libuarte_pca10056/nrf_libuarte_async.o
 .debug_line    0x000000000000a09f     0x1939 Output/Release/Obj/libuarte_pca10056/nrf_libuarte_drv.o
 .debug_line    0x000000000000b9d8      0x805 Output/Release/Obj/libuarte_pca10056/nrf_memobj.o
 .debug_line    0x000000000000c1dd      0xbdc Output/Release/Obj/libuarte_pca10056/nrf_queue.o
 .debug_line    0x000000000000cdb9      0x775 Output/Release/Obj/libuarte_pca10056/nrf_ringbuf.o
 .debug_line    0x000000000000d52e      0x5e4 Output/Release/Obj/libuarte_pca10056/nrf_sortlist.o
 .debug_line    0x000000000000db12      0xb95 Output/Release/Obj/libuarte_pca10056/nrf_drv_clock.o
 .debug_line    0x000000000000e6a7      0xc1e Output/Release/Obj/libuarte_pca10056/nrfx_clock.o
 .debug_line    0x000000000000f2c5      0xfb2 Output/Release/Obj/libuarte_pca10056/nrfx_ppi.o
 .debug_line    0x0000000000010277      0xed3 Output/Release/Obj/libuarte_pca10056/nrfx_rtc.o
 .debug_line    0x000000000001114a      0xf98 Output/Release/Obj/libuarte_pca10056/nrfx_timer.o
 .debug_line    0x00000000000120e2      0xbbb Output/Release/Obj/libuarte_pca10056/main.o
 .debug_line    0x0000000000012c9d     0x1277 Output/Release/Obj/libuarte_pca10056/SEGGER_RTT.o
 .debug_line    0x0000000000013f14       0x9d Output/Release/Obj/libuarte_pca10056/ses_startup_nrf52840.o
 .debug_line    0x0000000000013fb1       0xbc Output/Release/Obj/libuarte_pca10056/ses_startup_nrf_common.o
 .debug_line    0x000000000001406d      0x5a2 Output/Release/Obj/libuarte_pca10056/system_nrf52840.o

.debug_info     0x0000000000000000    0x1f2fc
 .debug_info    0x0000000000000000       0x22 Output/Release/Obj/libuarte_pca10056/thumb_crt0.o
 .debug_info    0x0000000000000022      0x54b Output/Release/Obj/libuarte_pca10056/nrf_log_backend_rtt.o
 .debug_info    0x000000000000056d      0x77b Output/Release/Obj/libuarte_pca10056/nrf_log_backend_serial.o
 .debug_info    0x0000000000000ce8      0x2df Output/Release/Obj/libuarte_pca10056/nrf_log_default_backends.o
 .debug_info    0x0000000000000fc7     0x2375 Output/Release/Obj/libuarte_pca10056/nrf_log_frontend.o
 .debug_info    0x000000000000333c      0x7a6 Output/Release/Obj/libuarte_pca10056/nrf_log_str_formatter.o
 .debug_info    0x0000000000003ae2      0xcf8 Output/Release/Obj/libuarte_pca10056/boards.o